{"solver": "openEMS 0.0.35", "lane": 0, "excitedPort": 1, "cellMm": 0.05, "fineMarginMm": 2, "fineBoundsMm": [-10.800231, -33.300000000000004, 6.450000000000001, -4.0], "maxTimeNs": 1.5, "endCriteria": 1e-05, "gridCells": [454, 663, 35], "foilPolygons": {"bottom": 520, "inner2": 288, "inner1": 293, "top": 520}, "contacts": [{"positive": [3.6, -6.800000000000001], "negative": [3.6, -6.0], "axis": "y", "leadHeightMm": 0.15, "portWidthMm": 0.2}, {"positive": [-8.0, -30.400000000000002], "negative": [-8.8, -30.400000000000002], "axis": "x", "leadHeightMm": 0.15, "portWidthMm": 0.2}], "dielectricLoss": "omitted", "copperLoss": "PEC for initial routing extraction", "input": {"circuitJson": "AM3352 release 0.1.19", "copper": "round-capped rendered full-board copper with holes", "sha256": {"circuitJson": "c9d7059fe536865784f175855e0dcc76510972319eec848c18b0ef6dcd2adb40", "model": "df6b49acab399463b772965f1f57722d6bf0e563658e1c522c59eca1e364b762", "compactCopper": "a45b995b797b1b5495d12ce898e99c0ed265df84c8e271764936ee95564b576b"}}, "limitations": ["Thin conductive foil placement, solid high-conductivity via exterior approximation", "Fine DDR region with graded coarser mesh outside; compare mesh and margin refinement", "Differential two-terminal ports, balanced excitation; no common-mode I/O or active aggressors in this extraction", "0.15 mm matched launch posts; not exact IC packaging", "Energy decay and mesh/time convergence must be assessed separately from reaching the requested finite record"]}
 ---------------------------------------------------------------------- 
 | openEMS 64bit -- version v0.0.35
 | (C) 2010-2018 Thorsten Liebig <thorsten.liebig@gmx.de>  GPL license
 ---------------------------------------------------------------------- 
	Used external libraries:
		CSXCAD -- Version: v0.6.2
		hdf5   -- Version: 1.10.8
		          compiled against: HDF5 library version: 1.10.8
		tinyxml -- compiled against: 2.6.2
		fparser
		boost  -- compiled against: 1_74
		vtk -- Version: 9.1.0
		       compiled against: 9.1.0

Create FDTD operator (compressed SSE + multi-threading)
Multithreaded operator using 3 threads.
Compressing the FDTD operator... this may take a while...
openEMS::SetupFDTD: Warning, the timestep seems to be very small --> long simulation. Check your mesh!?
openEMS::SetupFDTD: Warning, max. number of timesteps is smaller than three times the excitation. 
	You may want to choose a higher number of max. timesteps... 
------- Stat: FDTD Operator -------
Dimensions		: 455x664x36 = 10876320 Cells (10.8763 MCells)
Size of Operator	: 522063360 Byte (497.878 MiB) 
Size of Field-Data	: 261031680 Byte (248.939 MiB) 
-----------------------------------
Background materials (epsR/mueR/kappa/sigma): 1/1/0/0
-----------------------------------
Number of PEC edges	: 1269531
in x direction		: 620678
in y direction		: 622377
in z direction		: 26476
-----------------------------------
Timestep (s)		: 9.9658e-14
Timestep method name	: Rennings_2
Nyquist criteria (TS)	: 1003
Nyquist criteria (s)	: 9.9957e-11
-----------------------------------
SSE compression enabled	: yes
Unique SSE operators	: 16421
-----------------------------------
-----------------------------------
--- Excitation Extension ---
Voltage excitations	: 64	 (0, 64, 0)
Current excitations	: 0	 (0, 0, 0)
Excitation Length (TS)	: 5750
Excitation Length (s)	: 5.73034e-10
--- Uniaxial PML Extension ---
 PML range		: [0,0,0] to [8,663,35]
 Grading function	: " -log(1e-6)*log(2.5)/(2*dl*Z*(pow(2.5,W/dl)-1)) * pow(2.5, D/dl) "
--- Uniaxial PML Extension ---
 PML range		: [446,0,0] to [454,663,35]
 Grading function	: " -log(1e-6)*log(2.5)/(2*dl*Z*(pow(2.5,W/dl)-1)) * pow(2.5, D/dl) "
--- Uniaxial PML Extension ---
 PML range		: [9,0,0] to [445,8,35]
 Grading function	: " -log(1e-6)*log(2.5)/(2*dl*Z*(pow(2.5,W/dl)-1)) * pow(2.5, D/dl) "
--- Uniaxial PML Extension ---
 PML range		: [9,655,0] to [445,663,35]
 Grading function	: " -log(1e-6)*log(2.5)/(2*dl*Z*(pow(2.5,W/dl)-1)) * pow(2.5, D/dl) "
--- Uniaxial PML Extension ---
 PML range		: [9,9,0] to [445,654,8]
 Grading function	: " -log(1e-6)*log(2.5)/(2*dl*Z*(pow(2.5,W/dl)-1)) * pow(2.5, D/dl) "
--- Uniaxial PML Extension ---
 PML range		: [9,9,27] to [445,654,35]
 Grading function	: " -log(1e-6)*log(2.5)/(2*dl*Z*(pow(2.5,W/dl)-1)) * pow(2.5, D/dl) "
-----------------------------------
Creation time for operator: 264.357 s
FDTD simulation size: 455x664x36 --> 1.08763e+07 FDTD cells 
FDTD timestep is: 9.9658e-14 s; Nyquist rate: 1003 timesteps @5.00215e+09 Hz
Excitation signal length is: 5750 timesteps (5.73034e-10s)
Max. number of timesteps: 15051 ( --> 2.61757 * Excitation signal length)
Create FDTD engine (compressed SSE + multi-threading)
Multithreaded engine using 3 threads. Utilization: (152;152;151)
Setting up processing...
Warning: Unused primitive (type: Polygon) detected in property: copper_inner2!
Warning: Unused primitive (type: Polygon) detected in property: copper_inner2!
Warning: Unused primitive (type: Polygon) detected in property: copper_inner2!
Warning: Unused primitive (type: Polygon) detected in property: copper_inner2!
Warning: Unused primitive (type: Polygon) detected in property: copper_inner2!
Warning: Unused primitive (type: Polygon) detected in property: copper_inner2!
Warning: Unused primitive (type: Polygon) detected in property: copper_inner2!
Warning: Unused primitive (type: Polygon) detected in property: copper_inner2!
Warning: Unused primitive (type: Polygon) detected in property: copper_inner2!
Warning: Unused primitive (type: Polygon) detected in property: copper_inner2!
Warning: Unused primitive (type: Polygon) detected in property: copper_inner2!
Warning: Unused primitive (type: Polygon) detected in property: copper_inner2!
Warning: Unused primitive (type: Polygon) detected in property: copper_inner2!
Warning: Unused primitive (type: Polygon) detected in property: copper_inner2!
Warning: Unused primitive (type: Polygon) detected in property: copper_inner2!
Warning: Unused primitive (type: Polygon) detected in property: copper_inner2!
Warning: Unused primitive (type: Polygon) detected in property: copper_inner2!
Warning: Unused primitive (type: Polygon) detected in property: copper_inner2!
Warning: Unused primitive (type: Polygon) detected in property: copper_inner2!
Warning: Unused primitive (type: Polygon) detected in property: copper_inner2!
Warning: Unused primitive (type: Polygon) detected in property: copper_inner2!
Warning: Unused primitive (type: Polygon) detected in property: copper_inner2!
Warning: Unused primitive (type: Polygon) detected in property: copper_inner2!
Warning: Unused primitive (type: Polygon) detected in property: copper_inner2!
Warning: Unused primitive (type: Polygon) detected in property: copper_inner2!
Warning: Unused primitive (type: Polygon) detected in property: copper_inner2!
Warning: Unused primitive (type: Polygon) detected in property: copper_inner2!
Warning: Unused primitive (type: Polygon) detected in property: copper_inner2!
Warning: Unused primitive (type: Polygon) detected in property: copper_inner2!
Warning: Unused primitive (type: Polygon) detected in property: copper_inner2!
Warning: Unused primitive (type: Polygon) detected in property: copper_inner2!
Warning: Unused primitive (type: Polygon) detected in property: copper_inner2!
Warning: Unused primitive (type: Polygon) detected in property: copper_inner2!
Warning: Unused primitive (type: Polygon) detected in property: copper_inner2!
Warning: Unused primitive (type: Polygon) detected in property: copper_inner2!
Warning: Unused primitive (type: Polygon) detected in property: copper_inner2!
Warning: Unused primitive (type: Polygon) detected in property: copper_inner2!
Warning: Unused primitive (type: Polygon) detected in property: copper_inner2!
Warning: Unused primitive (type: Polygon) detected in property: copper_inner2!
Warning: Unused primitive (type: Polygon) detected in property: copper_inner2!
Warning: Unused primitive (type: Polygon) detected in property: copper_inner2!
Warning: Unused primitive (type: Polygon) detected in property: copper_inner2!
Warning: Unused primitive (type: Polygon) detected in property: copper_inner2!
Warning: Unused primitive (type: Polygon) detected in property: copper_inner2!
Warning: Unused primitive (type: Polygon) detected in property: copper_inner2!
Warning: Unused primitive (type: Polygon) detected in property: copper_inner2!
Warning: Unused primitive (type: Polygon) detected in property: copper_inner2!
Warning: Unused primitive (type: Polygon) detected in property: copper_inner2!
Warning: Unused primitive (type: Polygon) detected in property: copper_inner2!
Warning: Unused primitive (type: Polygon) detected in property: copper_inner2!
Warning: Unused primitive (type: Polygon) detected in property: copper_inner2!
Warning: Unused primitive (type: Polygon) detected in property: copper_inner2!
Warning: Unused primitive (type: Polygon) detected in property: copper_inner2!
Warning: Unused primitive (type: Polygon) detected in property: copper_inner2!
Warning: Unused primitive (type: Polygon) detected in property: copper_inner2!
Warning: Unused primitive (type: Polygon) detected in property: copper_inner2!
Warning: Unused primitive (type: Polygon) detected in property: copper_inner2!
Warning: Unused primitive (type: Polygon) detected in property: copper_inner2!
Warning: Unused primitive (type: Polygon) detected in property: copper_inner2!
Warning: Unused primitive (type: Polygon) detected in property: copper_inner2!
Warning: Unused primitive (type: Polygon) detected in property: copper_inner2!
Warning: Unused primitive (type: Polygon) detected in property: copper_inner2!
Warning: Unused primitive (type: Polygon) detected in property: copper_inner2!
Warning: Unused primitive (type: Polygon) detected in property: copper_inner1!
Warning: Unused primitive (type: Polygon) detected in property: copper_inner1!
Warning: Unused primitive (type: Polygon) detected in property: copper_inner1!
Warning: Unused primitive (type: Polygon) detected in property: copper_inner1!
Warning: Unused primitive (type: Polygon) detected in property: copper_inner1!
Warning: Unused primitive (type: Polygon) detected in property: copper_inner1!
Warning: Unused primitive (type: Polygon) detected in property: copper_inner1!
Warning: Unused primitive (type: Polygon) detected in property: copper_inner1!
Warning: Unused primitive (type: Polygon) detected in property: copper_inner1!
Warning: Unused primitive (type: Polygon) detected in property: copper_inner1!
Warning: Unused primitive (type: Polygon) detected in property: copper_inner1!
Warning: Unused primitive (type: Polygon) detected in property: copper_inner1!
Warning: Unused primitive (type: Polygon) detected in property: copper_inner1!
Warning: Unused primitive (type: Polygon) detected in property: copper_inner1!
Warning: Unused primitive (type: Polygon) detected in property: copper_inner1!
Warning: Unused primitive (type: Polygon) detected in property: copper_inner1!
Warning: Unused primitive (type: Polygon) detected in property: copper_inner1!
Warning: Unused primitive (type: Polygon) detected in property: copper_inner1!
Warning: Unused primitive (type: Polygon) detected in property: copper_inner1!
Warning: Unused primitive (type: Polygon) detected in property: copper_inner1!
Warning: Unused primitive (type: Polygon) detected in property: copper_inner1!
Warning: Unused primitive (type: Polygon) detected in property: copper_inner1!
Warning: Unused primitive (type: Polygon) detected in property: copper_inner1!
Warning: Unused primitive (type: Polygon) detected in property: copper_inner1!
Warning: Unused primitive (type: Polygon) detected in property: copper_inner1!
Warning: Unused primitive (type: Polygon) detected in property: copper_inner1!
Warning: Unused primitive (type: Polygon) detected in property: copper_inner1!
Warning: Unused primitive (type: Polygon) detected in property: copper_inner1!
Warning: Unused primitive (type: Polygon) detected in property: copper_inner1!
Warning: Unused primitive (type: Polygon) detected in property: copper_inner1!
Warning: Unused primitive (type: Polygon) detected in property: copper_inner1!
Warning: Unused primitive (type: Polygon) detected in property: copper_inner1!
Warning: Unused primitive (type: Polygon) detected in property: copper_inner1!
Warning: Unused primitive (type: Polygon) detected in property: copper_inner1!
Warning: Unused primitive (type: Polygon) detected in property: copper_inner1!
Warning: Unused primitive (type: Polygon) detected in property: copper_inner1!
Warning: Unused primitive (type: Polygon) detected in property: copper_inner1!
Warning: Unused primitive (type: Polygon) detected in property: copper_inner1!
Warning: Unused primitive (type: Polygon) detected in property: copper_inner1!
Warning: Unused primitive (type: Polygon) detected in property: copper_inner1!
Warning: Unused primitive (type: Polygon) detected in property: copper_inner1!
Warning: Unused primitive (type: Polygon) detected in property: copper_inner1!
Warning: Unused primitive (type: Polygon) detected in property: copper_inner1!
Warning: Unused primitive (type: Polygon) detected in property: copper_inner1!
Warning: Unused primitive (type: Polygon) detected in property: copper_inner1!
Warning: Unused primitive (type: Polygon) detected in property: copper_inner1!
Warning: Unused primitive (type: Polygon) detected in property: copper_inner1!
Warning: Unused primitive (type: Polygon) detected in property: copper_inner1!
Warning: Unused primitive (type: Polygon) detected in property: copper_inner1!
Warning: Unused primitive (type: Polygon) detected in property: copper_inner1!
Warning: Unused primitive (type: Polygon) detected in property: copper_inner1!
Warning: Unused primitive (type: Polygon) detected in property: copper_inner1!
Warning: Unused primitive (type: Polygon) detected in property: copper_inner1!
Warning: Unused primitive (type: Cylinder) detected in property: via_barrels_outer_surface!
Warning: Unused primitive (type: Cylinder) detected in property: via_barrels_outer_surface!
Warning: Unused primitive (type: Cylinder) detected in property: via_barrels_outer_surface!
Warning: Unused primitive (type: Cylinder) detected in property: via_barrels_outer_surface!
Warning: Unused primitive (type: Cylinder) detected in property: via_barrels_outer_surface!
Warning: Unused primitive (type: Cylinder) detected in property: via_barrels_outer_surface!
Warning: Unused primitive (type: Cylinder) detected in property: via_barrels_outer_surface!
Warning: Unused primitive (type: Cylinder) detected in property: via_barrels_outer_surface!
Warning: Unused primitive (type: Cylinder) detected in property: via_barrels_outer_surface!
Warning: Unused primitive (type: Cylinder) detected in property: via_barrels_outer_surface!
Warning: Unused primitive (type: Cylinder) detected in property: via_barrels_outer_surface!
Warning: Unused primitive (type: Cylinder) detected in property: via_barrels_outer_surface!
Warning: Unused primitive (type: Cylinder) detected in property: via_barrels_outer_surface!
Warning: Unused primitive (type: Cylinder) detected in property: via_barrels_outer_surface!
Warning: Unused primitive (type: Cylinder) detected in property: via_barrels_outer_surface!
Warning: Unused primitive (type: Cylinder) detected in property: via_barrels_outer_surface!
Warning: Unused primitive (type: Cylinder) detected in property: via_barrels_outer_surface!
Warning: Unused primitive (type: Cylinder) detected in property: via_barrels_outer_surface!
Warning: Unused primitive (type: Cylinder) detected in property: via_barrels_outer_surface!
Warning: Unused primitive (type: Cylinder) detected in property: via_barrels_outer_surface!
Warning: Unused primitive (type: Cylinder) detected in property: via_barrels_outer_surface!
Warning: Unused primitive (type: Cylinder) detected in property: via_barrels_outer_surface!
Warning: Unused primitive (type: Cylinder) detected in property: via_barrels_outer_surface!
Warning: Unused primitive (type: Cylinder) detected in property: via_barrels_outer_surface!
Warning: Unused primitive (type: Cylinder) detected in property: via_barrels_outer_surface!
Warning: Unused primitive (type: Cylinder) detected in property: via_barrels_outer_surface!
Warning: Unused primitive (type: Cylinder) detected in property: via_barrels_outer_surface!
Warning: Unused primitive (type: Cylinder) detected in property: via_barrels_outer_surface!
Warning: Unused primitive (type: Cylinder) detected in property: via_barrels_outer_surface!
Warning: Unused primitive (type: Cylinder) detected in property: via_barrels_outer_surface!
Warning: Unused primitive (type: Cylinder) detected in property: via_barrels_outer_surface!
Warning: Unused primitive (type: Cylinder) detected in property: via_barrels_outer_surface!
Warning: Unused primitive (type: Cylinder) detected in property: via_barrels_outer_surface!
Warning: Unused primitive (type: Cylinder) detected in property: via_barrels_outer_surface!
Warning: Unused primitive (type: Cylinder) detected in property: via_barrels_outer_surface!
Warning: Unused primitive (type: Cylinder) detected in property: via_barrels_outer_surface!
Warning: Unused primitive (type: Cylinder) detected in property: via_barrels_outer_surface!
Warning: Unused primitive (type: Cylinder) detected in property: via_barrels_outer_surface!
Warning: Unused primitive (type: Cylinder) detected in property: via_barrels_outer_surface!
Warning: Unused primitive (type: Cylinder) detected in property: via_barrels_outer_surface!
Warning: Unused primitive (type: Cylinder) detected in property: via_barrels_outer_surface!
Warning: Unused primitive (type: Cylinder) detected in property: via_barrels_outer_surface!
Warning: Unused primitive (type: Cylinder) detected in property: via_barrels_outer_surface!
Warning: Unused primitive (type: Cylinder) detected in property: via_barrels_outer_surface!
Warning: Unused primitive (type: Cylinder) detected in property: via_barrels_outer_surface!
Warning: Unused primitive (type: Cylinder) detected in property: via_barrels_outer_surface!
Warning: Unused primitive (type: Cylinder) detected in property: via_barrels_outer_surface!
Warning: Unused primitive (type: Cylinder) detected in property: via_barrels_outer_surface!
Warning: Unused primitive (type: Cylinder) detected in property: via_barrels_outer_surface!
Warning: Unused primitive (type: Cylinder) detected in property: via_barrels_outer_surface!
Warning: Unused primitive (type: Cylinder) detected in property: via_barrels_outer_surface!
Warning: Unused primitive (type: Cylinder) detected in property: via_barrels_outer_surface!
Warning: Unused primitive (type: Cylinder) detected in property: via_barrels_outer_surface!
Warning: Unused primitive (type: Cylinder) detected in property: via_barrels_outer_surface!
Warning: Unused primitive (type: Cylinder) detected in property: via_barrels_outer_surface!
Warning: Unused primitive (type: Cylinder) detected in property: via_barrels_outer_surface!
Warning: Unused primitive (type: Cylinder) detected in property: via_barrels_outer_surface!
Warning: Unused primitive (type: Cylinder) detected in property: via_barrels_outer_surface!
Warning: Unused primitive (type: Cylinder) detected in property: via_barrels_outer_surface!
Warning: Unused primitive (type: Cylinder) detected in property: via_barrels_outer_surface!
Warning: Unused primitive (type: Cylinder) detected in property: via_barrels_outer_surface!
Warning: Unused primitive (type: Cylinder) detected in property: via_barrels_outer_surface!
Warning: Unused primitive (type: Cylinder) detected in property: via_barrels_outer_surface!
Warning: Unused primitive (type: Cylinder) detected in property: via_barrels_outer_surface!
Warning: Unused primitive (type: Cylinder) detected in property: via_barrels_outer_surface!
Warning: Unused primitive (type: Cylinder) detected in property: via_barrels_outer_surface!
Warning: Unused primitive (type: Cylinder) detected in property: via_barrels_outer_surface!
Warning: Unused primitive (type: Cylinder) detected in property: via_barrels_outer_surface!
Warning: Unused primitive (type: Cylinder) detected in property: via_barrels_outer_surface!
Warning: Unused primitive (type: Cylinder) detected in property: via_barrels_outer_surface!
Warning: Unused primitive (type: Cylinder) detected in property: via_barrels_outer_surface!
Warning: Unused primitive (type: Cylinder) detected in property: via_barrels_outer_surface!
Warning: Unused primitive (type: Cylinder) detected in property: via_barrels_outer_surface!
Warning: Unused primitive (type: Cylinder) detected in property: via_barrels_outer_surface!
Warning: Unused primitive (type: Cylinder) detected in property: via_barrels_outer_surface!
Warning: Unused primitive (type: Cylinder) detected in property: via_barrels_outer_surface!
Warning: Unused primitive (type: Cylinder) detected in property: via_barrels_outer_surface!
Warning: Unused primitive (type: Cylinder) detected in property: via_barrels_outer_surface!
Warning: Unused primitive (type: Cylinder) detected in property: via_barrels_outer_surface!
Warning: Unused primitive (type: Cylinder) detected in property: via_barrels_outer_surface!
Warning: Unused primitive (type: Cylinder) detected in property: via_barrels_outer_surface!
Warning: Unused primitive (type: Cylinder) detected in property: via_barrels_outer_surface!
Warning: Unused primitive (type: Cylinder) detected in property: via_barrels_outer_surface!
Warning: Unused primitive (type: Cylinder) detected in property: via_barrels_outer_surface!
Warning: Unused primitive (type: Cylinder) detected in property: via_barrels_outer_surface!
Warning: Unused primitive (type: Cylinder) detected in property: via_barrels_outer_surface!
Warning: Unused primitive (type: Cylinder) detected in property: via_barrels_outer_surface!
Warning: Unused primitive (type: Cylinder) detected in property: via_barrels_outer_surface!
Warning: Unused primitive (type: Cylinder) detected in property: via_barrels_outer_surface!
Warning: Unused primitive (type: Cylinder) detected in property: via_barrels_outer_surface!
Warning: Unused primitive (type: Cylinder) detected in property: via_barrels_outer_surface!
Warning: Unused primitive (type: Cylinder) detected in property: via_barrels_outer_surface!
Warning: Unused primitive (type: Cylinder) detected in property: via_barrels_outer_surface!
Warning: Unused primitive (type: Cylinder) detected in property: via_barrels_outer_surface!
Warning: Unused primitive (type: Cylinder) detected in property: via_barrels_outer_surface!
Warning: Unused primitive (type: Cylinder) detected in property: via_barrels_outer_surface!
Warning: Unused primitive (type: Cylinder) detected in property: via_barrels_outer_surface!
Warning: Unused primitive (type: Cylinder) detected in property: via_barrels_outer_surface!
Warning: Unused primitive (type: Cylinder) detected in property: via_barrels_outer_surface!
Warning: Unused primitive (type: Cylinder) detected in property: via_barrels_outer_surface!
Warning: Unused primitive (type: Cylinder) detected in property: via_barrels_outer_surface!
Warning: Unused primitive (type: Cylinder) detected in property: via_barrels_outer_surface!
Warning: Unused primitive (type: Cylinder) detected in property: via_barrels_outer_surface!
Warning: Unused primitive (type: Cylinder) detected in property: via_barrels_outer_surface!
Warning: Unused primitive (type: Cylinder) detected in property: via_barrels_outer_surface!
Warning: Unused primitive (type: Cylinder) detected in property: via_barrels_outer_surface!
Warning: Unused primitive (type: Cylinder) detected in property: via_barrels_outer_surface!
Warning: Unused primitive (type: Cylinder) detected in property: via_barrels_outer_surface!
Warning: Unused primitive (type: Cylinder) detected in property: via_barrels_outer_surface!
Warning: Unused primitive (type: Cylinder) detected in property: via_barrels_outer_surface!
Warning: Unused primitive (type: Cylinder) detected in property: via_barrels_outer_surface!
Warning: Unused primitive (type: Cylinder) detected in property: via_barrels_outer_surface!
Warning: Unused primitive (type: Cylinder) detected in property: via_barrels_outer_surface!
Warning: Unused primitive (type: Cylinder) detected in property: via_barrels_outer_surface!
Warning: Unused primitive (type: Cylinder) detected in property: via_barrels_outer_surface!
Warning: Unused primitive (type: Cylinder) detected in property: via_barrels_outer_surface!
Warning: Unused primitive (type: Cylinder) detected in property: via_barrels_outer_surface!
Warning: Unused primitive (type: Cylinder) detected in property: via_barrels_outer_surface!
Warning: Unused primitive (type: Cylinder) detected in property: via_barrels_outer_surface!
Warning: Unused primitive (type: Cylinder) detected in property: via_barrels_outer_surface!
Warning: Unused primitive (type: Cylinder) detected in property: via_barrels_outer_surface!
Warning: Unused primitive (type: Cylinder) detected in property: via_barrels_outer_surface!
Warning: Unused primitive (type: Cylinder) detected in property: via_barrels_outer_surface!
Warning: Unused primitive (type: Cylinder) detected in property: via_barrels_outer_surface!
Warning: Unused primitive (type: Cylinder) detected in property: via_barrels_outer_surface!
Warning: Unused primitive (type: Cylinder) detected in property: via_barrels_outer_surface!
Warning: Unused primitive (type: Cylinder) detected in property: via_barrels_outer_surface!
Warning: Unused primitive (type: Cylinder) detected in property: via_barrels_outer_surface!
Warning: Unused primitive (type: Cylinder) detected in property: via_barrels_outer_surface!
Warning: Unused primitive (type: Cylinder) detected in property: via_barrels_outer_surface!
Warning: Unused primitive (type: Cylinder) detected in property: via_barrels_outer_surface!
Warning: Unused primitive (type: Cylinder) detected in property: via_barrels_outer_surface!
Warning: Unused primitive (type: Cylinder) detected in property: via_barrels_outer_surface!
Warning: Unused primitive (type: Cylinder) detected in property: via_barrels_outer_surface!
Warning: Unused primitive (type: Cylinder) detected in property: via_barrels_outer_surface!
Warning: Unused primitive (type: Cylinder) detected in property: via_barrels_outer_surface!
Warning: Unused primitive (type: Cylinder) detected in property: via_barrels_outer_surface!
Warning: Unused primitive (type: Cylinder) detected in property: via_barrels_outer_surface!
Warning: Unused primitive (type: Cylinder) detected in property: via_barrels_outer_surface!
Warning: Unused primitive (type: Cylinder) detected in property: via_barrels_outer_surface!
Warning: Unused primitive (type: Cylinder) detected in property: via_barrels_outer_surface!
Warning: Unused primitive (type: Cylinder) detected in property: via_barrels_outer_surface!
Warning: Unused primitive (type: Cylinder) detected in property: via_barrels_outer_surface!
Warning: Unused primitive (type: Cylinder) detected in property: via_barrels_outer_surface!
Warning: Unused primitive (type: Cylinder) detected in property: via_barrels_outer_surface!
Warning: Unused primitive (type: Cylinder) detected in property: via_barrels_outer_surface!
Warning: Unused primitive (type: Cylinder) detected in property: via_barrels_outer_surface!
Warning: Unused primitive (type: Cylinder) detected in property: via_barrels_outer_surface!
Warning: Unused primitive (type: Cylinder) detected in property: via_barrels_outer_surface!
Warning: Unused primitive (type: Cylinder) detected in property: via_barrels_outer_surface!
Warning: Unused primitive (type: Cylinder) detected in property: via_barrels_outer_surface!
Warning: Unused primitive (type: Cylinder) detected in property: via_barrels_outer_surface!
Warning: Unused primitive (type: Cylinder) detected in property: via_barrels_outer_surface!
Warning: Unused primitive (type: Cylinder) detected in property: via_barrels_outer_surface!
Warning: Unused primitive (type: Cylinder) detected in property: via_barrels_outer_surface!
Warning: Unused primitive (type: Cylinder) detected in property: via_barrels_outer_surface!
Warning: Unused primitive (type: Cylinder) detected in property: via_barrels_outer_surface!
Warning: Unused primitive (type: Cylinder) detected in property: via_barrels_outer_surface!
Warning: Unused primitive (type: Cylinder) detected in property: via_barrels_outer_surface!
Warning: Unused primitive (type: Cylinder) detected in property: via_barrels_outer_surface!
Warning: Unused primitive (type: Cylinder) detected in property: via_barrels_outer_surface!
Warning: Unused primitive (type: Cylinder) detected in property: via_barrels_outer_surface!
Warning: Unused primitive (type: Cylinder) detected in property: via_barrels_outer_surface!
Warning: Unused primitive (type: Cylinder) detected in property: via_barrels_outer_surface!
Warning: Unused primitive (type: Cylinder) detected in property: via_barrels_outer_surface!
Warning: Unused primitive (type: Cylinder) detected in property: via_barrels_outer_surface!
Warning: Unused primitive (type: Cylinder) detected in property: via_barrels_outer_surface!
Warning: Unused primitive (type: Cylinder) detected in property: via_barrels_outer_surface!
Warning: Unused primitive (type: Cylinder) detected in property: via_barrels_outer_surface!
Warning: Unused primitive (type: Cylinder) detected in property: via_barrels_outer_surface!
Warning: Unused primitive (type: Cylinder) detected in property: via_barrels_outer_surface!
Warning: Unused primitive (type: Cylinder) detected in property: via_barrels_outer_surface!
Warning: Unused primitive (type: Cylinder) detected in property: via_barrels_outer_surface!
Warning: Unused primitive (type: Cylinder) detected in property: via_barrels_outer_surface!
Warning: Unused primitive (type: Cylinder) detected in property: via_barrels_outer_surface!
Warning: Unused primitive (type: Cylinder) detected in property: via_barrels_outer_surface!
Warning: Unused primitive (type: Cylinder) detected in property: via_barrels_outer_surface!
Warning: Unused primitive (type: Cylinder) detected in property: via_barrels_outer_surface!
Warning: Unused primitive (type: Cylinder) detected in property: via_barrels_outer_surface!
Warning: Unused primitive (type: Cylinder) detected in property: via_barrels_outer_surface!
Warning: Unused primitive (type: Cylinder) detected in property: via_barrels_outer_surface!
Warning: Unused primitive (type: Cylinder) detected in property: via_barrels_outer_surface!
Warning: Unused primitive (type: Cylinder) detected in property: via_barrels_outer_surface!
Warning: Unused primitive (type: Cylinder) detected in property: via_barrels_outer_surface!
Warning: Unused primitive (type: Cylinder) detected in property: via_barrels_outer_surface!
Warning: Unused primitive (type: Cylinder) detected in property: via_barrels_outer_surface!
Warning: Unused primitive (type: Cylinder) detected in property: via_barrels_outer_surface!
Warning: Unused primitive (type: Cylinder) detected in property: via_barrels_outer_surface!
Warning: Unused primitive (type: Cylinder) detected in property: via_barrels_outer_surface!
Warning: Unused primitive (type: Cylinder) detected in property: via_barrels_outer_surface!
Warning: Unused primitive (type: Cylinder) detected in property: via_barrels_outer_surface!
Warning: Unused primitive (type: Cylinder) detected in property: via_barrels_outer_surface!
Warning: Unused primitive (type: Cylinder) detected in property: via_barrels_outer_surface!
Warning: Unused primitive (type: Cylinder) detected in property: via_barrels_outer_surface!
Warning: Unused primitive (type: Cylinder) detected in property: via_barrels_outer_surface!
Warning: Unused primitive (type: Cylinder) detected in property: via_barrels_outer_surface!
Warning: Unused primitive (type: Cylinder) detected in property: via_barrels_outer_surface!
Warning: Unused primitive (type: Cylinder) detected in property: via_barrels_outer_surface!
Warning: Unused primitive (type: Cylinder) detected in property: via_barrels_outer_surface!
Warning: Unused primitive (type: Cylinder) detected in property: via_barrels_outer_surface!
Warning: Unused primitive (type: Cylinder) detected in property: via_barrels_outer_surface!
Warning: Unused primitive (type: Cylinder) detected in property: via_barrels_outer_surface!
Warning: Unused primitive (type: Cylinder) detected in property: via_barrels_outer_surface!
Warning: Unused primitive (type: Cylinder) detected in property: via_barrels_outer_surface!
Warning: Unused primitive (type: Cylinder) detected in property: via_barrels_outer_surface!
Warning: Unused primitive (type: Cylinder) detected in property: via_barrels_outer_surface!
Warning: Unused primitive (type: Cylinder) detected in property: via_barrels_outer_surface!
Warning: Unused primitive (type: Cylinder) detected in property: via_barrels_outer_surface!
Warning: Unused primitive (type: Cylinder) detected in property: via_barrels_outer_surface!
Warning: Unused primitive (type: Cylinder) detected in property: via_barrels_outer_surface!
Warning: Unused primitive (type: Cylinder) detected in property: via_barrels_outer_surface!
Warning: Unused primitive (type: Cylinder) detected in property: via_barrels_outer_surface!
Warning: Unused primitive (type: Cylinder) detected in property: via_barrels_outer_surface!
Warning: Unused primitive (type: Cylinder) detected in property: via_barrels_outer_surface!
Warning: Unused primitive (type: Cylinder) detected in property: via_barrels_outer_surface!
Warning: Unused primitive (type: Cylinder) detected in property: via_barrels_outer_surface!
Warning: Unused primitive (type: Cylinder) detected in property: via_barrels_outer_surface!
Warning: Unused primitive (type: Cylinder) detected in property: via_barrels_outer_surface!
Warning: Unused primitive (type: Cylinder) detected in property: via_barrels_outer_surface!
Warning: Unused primitive (type: Cylinder) detected in property: via_barrels_outer_surface!
Warning: Unused primitive (type: Cylinder) detected in property: via_barrels_outer_surface!
Warning: Unused primitive (type: Cylinder) detected in property: via_barrels_outer_surface!
Warning: Unused primitive (type: Cylinder) detected in property: via_barrels_outer_surface!
Warning: Unused primitive (type: Cylinder) detected in property: via_barrels_outer_surface!
Warning: Unused primitive (type: Cylinder) detected in property: via_barrels_outer_surface!
Warning: Unused primitive (type: Cylinder) detected in property: via_barrels_outer_surface!
Warning: Unused primitive (type: Cylinder) detected in property: via_barrels_outer_surface!
Warning: Unused primitive (type: Cylinder) detected in property: via_barrels_outer_surface!
Warning: Unused primitive (type: Cylinder) detected in property: via_barrels_outer_surface!
Warning: Unused primitive (type: Cylinder) detected in property: via_barrels_outer_surface!
Warning: Unused primitive (type: Cylinder) detected in property: via_barrels_outer_surface!
Warning: Unused primitive (type: Cylinder) detected in property: via_barrels_outer_surface!
Warning: Unused primitive (type: Cylinder) detected in property: via_barrels_outer_surface!
Warning: Unused primitive (type: Cylinder) detected in property: via_barrels_outer_surface!
Warning: Unused primitive (type: Cylinder) detected in property: via_barrels_outer_surface!
Warning: Unused primitive (type: Cylinder) detected in property: via_barrels_outer_surface!
Warning: Unused primitive (type: Cylinder) detected in property: via_barrels_outer_surface!
Warning: Unused primitive (type: Cylinder) detected in property: via_barrels_outer_surface!
Warning: Unused primitive (type: Cylinder) detected in property: via_barrels_outer_surface!
Warning: Unused primitive (type: Cylinder) detected in property: via_barrels_outer_surface!
Warning: Unused primitive (type: Cylinder) detected in property: via_barrels_outer_surface!
Warning: Unused primitive (type: Cylinder) detected in property: via_barrels_outer_surface!
Warning: Unused primitive (type: Cylinder) detected in property: via_barrels_outer_surface!
Warning: Unused primitive (type: Cylinder) detected in property: via_barrels_outer_surface!
Warning: Unused primitive (type: Cylinder) detected in property: via_barrels_outer_surface!
Warning: Unused primitive (type: Cylinder) detected in property: via_barrels_outer_surface!
Warning: Unused primitive (type: Cylinder) detected in property: via_barrels_outer_surface!
Warning: Unused primitive (type: Cylinder) detected in property: via_barrels_outer_surface!
Warning: Unused primitive (type: Cylinder) detected in property: via_barrels_outer_surface!
Warning: Unused primitive (type: Cylinder) detected in property: via_barrels_outer_surface!
Warning: Unused primitive (type: Cylinder) detected in property: via_barrels_outer_surface!
Warning: Unused primitive (type: Cylinder) detected in property: via_barrels_outer_surface!
Warning: Unused primitive (type: Cylinder) detected in property: via_barrels_outer_surface!
Warning: Unused primitive (type: Cylinder) detected in property: via_barrels_outer_surface!
Warning: Unused primitive (type: Cylinder) detected in property: via_barrels_outer_surface!
Warning: Unused primitive (type: Cylinder) detected in property: via_barrels_outer_surface!
Warning: Unused primitive (type: Cylinder) detected in property: via_barrels_outer_surface!
Warning: Unused primitive (type: Cylinder) detected in property: via_barrels_outer_surface!
Warning: Unused primitive (type: Cylinder) detected in property: via_barrels_outer_surface!
Warning: Unused primitive (type: Cylinder) detected in property: via_barrels_outer_surface!
Warning: Unused primitive (type: Cylinder) detected in property: via_barrels_outer_surface!
Warning: Unused primitive (type: Cylinder) detected in property: via_barrels_outer_surface!
Warning: Unused primitive (type: Cylinder) detected in property: via_barrels_outer_surface!
Warning: Unused primitive (type: Cylinder) detected in property: via_barrels_outer_surface!
Warning: Unused primitive (type: Cylinder) detected in property: via_barrels_outer_surface!
Warning: Unused primitive (type: Cylinder) detected in property: via_barrels_outer_surface!
Warning: Unused primitive (type: Cylinder) detected in property: via_barrels_outer_surface!
Warning: Unused primitive (type: Cylinder) detected in property: via_barrels_outer_surface!
Warning: Unused primitive (type: Cylinder) detected in property: via_barrels_outer_surface!
Warning: Unused primitive (type: Cylinder) detected in property: via_barrels_outer_surface!
Warning: Unused primitive (type: Cylinder) detected in property: via_barrels_outer_surface!
Warning: Unused primitive (type: Cylinder) detected in property: via_barrels_outer_surface!
Warning: Unused primitive (type: Cylinder) detected in property: via_barrels_outer_surface!
Warning: Unused primitive (type: Cylinder) detected in property: via_barrels_outer_surface!
Warning: Unused primitive (type: Cylinder) detected in property: via_barrels_outer_surface!
Warning: Unused primitive (type: Cylinder) detected in property: via_barrels_outer_surface!
Warning: Unused primitive (type: Cylinder) detected in property: via_barrels_outer_surface!
Warning: Unused primitive (type: Cylinder) detected in property: via_barrels_outer_surface!
Warning: Unused primitive (type: Cylinder) detected in property: via_barrels_outer_surface!
Warning: Unused primitive (type: Cylinder) detected in property: via_barrels_outer_surface!
Warning: Unused primitive (type: Cylinder) detected in property: via_barrels_outer_surface!
Warning: Unused primitive (type: Cylinder) detected in property: via_barrels_outer_surface!
Warning: Unused primitive (type: Cylinder) detected in property: via_barrels_outer_surface!
Warning: Unused primitive (type: Cylinder) detected in property: via_barrels_outer_surface!
Warning: Unused primitive (type: Cylinder) detected in property: via_barrels_outer_surface!
Warning: Unused primitive (type: Cylinder) detected in property: via_barrels_outer_surface!
Warning: Unused primitive (type: Cylinder) detected in property: via_barrels_outer_surface!
Warning: Unused primitive (type: Cylinder) detected in property: via_barrels_outer_surface!
Warning: Unused primitive (type: Cylinder) detected in property: via_barrels_outer_surface!
Warning: Unused primitive (type: Cylinder) detected in property: via_barrels_outer_surface!
Warning: Unused primitive (type: Cylinder) detected in property: via_barrels_outer_surface!
Warning: Unused primitive (type: Cylinder) detected in property: via_barrels_outer_surface!
Warning: Unused primitive (type: Cylinder) detected in property: via_barrels_outer_surface!
Warning: Unused primitive (type: Cylinder) detected in property: via_barrels_outer_surface!
Warning: Unused primitive (type: Cylinder) detected in property: via_barrels_outer_surface!
Warning: Unused primitive (type: Cylinder) detected in property: via_barrels_outer_surface!
Warning: Unused primitive (type: Cylinder) detected in property: via_barrels_outer_surface!
Warning: Unused primitive (type: Cylinder) detected in property: via_barrels_outer_surface!
Warning: Unused primitive (type: Cylinder) detected in property: via_barrels_outer_surface!
Warning: Unused primitive (type: Cylinder) detected in property: via_barrels_outer_surface!
Warning: Unused primitive (type: Cylinder) detected in property: via_barrels_outer_surface!
Warning: Unused primitive (type: Cylinder) detected in property: via_barrels_outer_surface!
Warning: Unused primitive (type: Cylinder) detected in property: via_barrels_outer_surface!
Warning: Unused primitive (type: Cylinder) detected in property: via_barrels_outer_surface!
Warning: Unused primitive (type: Cylinder) detected in property: via_barrels_outer_surface!
Warning: Unused primitive (type: Cylinder) detected in property: via_barrels_outer_surface!
Warning: Unused primitive (type: Cylinder) detected in property: via_barrels_outer_surface!
Warning: Unused primitive (type: Cylinder) detected in property: via_barrels_outer_surface!
Warning: Unused primitive (type: Cylinder) detected in property: via_barrels_outer_surface!
Warning: Unused primitive (type: Cylinder) detected in property: via_barrels_outer_surface!
Warning: Unused primitive (type: Cylinder) detected in property: via_barrels_outer_surface!
Warning: Unused primitive (type: Cylinder) detected in property: via_barrels_outer_surface!
Warning: Unused primitive (type: Cylinder) detected in property: via_barrels_outer_surface!
Warning: Unused primitive (type: Cylinder) detected in property: via_barrels_outer_surface!
Warning: Unused primitive (type: Cylinder) detected in property: via_barrels_outer_surface!
Warning: Unused primitive (type: Cylinder) detected in property: via_barrels_outer_surface!
Warning: Unused primitive (type: Cylinder) detected in property: via_barrels_outer_surface!
Warning: Unused primitive (type: Cylinder) detected in property: via_barrels_outer_surface!
Warning: Unused primitive (type: Cylinder) detected in property: via_barrels_outer_surface!
Warning: Unused primitive (type: Cylinder) detected in property: via_barrels_outer_surface!
Warning: Unused primitive (type: Cylinder) detected in property: via_barrels_outer_surface!
Warning: Unused primitive (type: Cylinder) detected in property: via_barrels_outer_surface!
Warning: Unused primitive (type: Cylinder) detected in property: via_barrels_outer_surface!
Warning: Unused primitive (type: Cylinder) detected in property: via_barrels_outer_surface!
Warning: Unused primitive (type: Cylinder) detected in property: via_barrels_outer_surface!
Warning: Unused primitive (type: Cylinder) detected in property: via_barrels_outer_surface!
Warning: Unused primitive (type: Cylinder) detected in property: via_barrels_outer_surface!
Warning: Unused primitive (type: Cylinder) detected in property: via_barrels_outer_surface!
Warning: Unused primitive (type: Cylinder) detected in property: via_barrels_outer_surface!
Warning: Unused primitive (type: Cylinder) detected in property: via_barrels_outer_surface!
Warning: Unused primitive (type: Cylinder) detected in property: via_barrels_outer_surface!
Warning: Unused primitive (type: Cylinder) detected in property: via_barrels_outer_surface!
Warning: Unused primitive (type: Cylinder) detected in property: via_barrels_outer_surface!
Warning: Unused primitive (type: Cylinder) detected in property: via_barrels_outer_surface!
Warning: Unused primitive (type: Cylinder) detected in property: via_barrels_outer_surface!
Warning: Unused primitive (type: Cylinder) detected in property: via_barrels_outer_surface!
Warning: Unused primitive (type: Cylinder) detected in property: via_barrels_outer_surface!
Warning: Unused primitive (type: Cylinder) detected in property: via_barrels_outer_surface!
Warning: Unused primitive (type: Cylinder) detected in property: via_barrels_outer_surface!
Warning: Unused primitive (type: Cylinder) detected in property: via_barrels_outer_surface!
Warning: Unused primitive (type: Cylinder) detected in property: via_barrels_outer_surface!
Warning: Unused primitive (type: Cylinder) detected in property: via_barrels_outer_surface!
Warning: Unused primitive (type: Cylinder) detected in property: via_barrels_outer_surface!
Warning: Unused primitive (type: Cylinder) detected in property: via_barrels_outer_surface!
Warning: Unused primitive (type: Cylinder) detected in property: via_barrels_outer_surface!
Warning: Unused primitive (type: Cylinder) detected in property: via_barrels_outer_surface!
Warning: Unused primitive (type: Cylinder) detected in property: via_barrels_outer_surface!
Warning: Unused primitive (type: Cylinder) detected in property: via_barrels_outer_surface!
Warning: Unused primitive (type: Cylinder) detected in property: via_barrels_outer_surface!
Warning: Unused primitive (type: Cylinder) detected in property: via_barrels_outer_surface!
Warning: Unused primitive (type: Cylinder) detected in property: via_barrels_outer_surface!
Warning: Unused primitive (type: Cylinder) detected in property: via_barrels_outer_surface!
Warning: Unused primitive (type: Cylinder) detected in property: via_barrels_outer_surface!
Warning: Unused primitive (type: Cylinder) detected in property: via_barrels_outer_surface!
Warning: Unused primitive (type: Cylinder) detected in property: via_barrels_outer_surface!
Warning: Unused primitive (type: Cylinder) detected in property: via_barrels_outer_surface!
Warning: Unused primitive (type: Cylinder) detected in property: via_barrels_outer_surface!
Warning: Unused primitive (type: Cylinder) detected in property: via_barrels_outer_surface!
Warning: Unused primitive (type: Cylinder) detected in property: via_barrels_outer_surface!
Warning: Unused primitive (type: Cylinder) detected in property: via_barrels_outer_surface!
Warning: Unused primitive (type: Cylinder) detected in property: via_barrels_outer_surface!
Warning: Unused primitive (type: Cylinder) detected in property: via_barrels_outer_surface!
Warning: Unused primitive (type: Cylinder) detected in property: via_barrels_outer_surface!
Warning: Unused primitive (type: Cylinder) detected in property: via_barrels_outer_surface!
Warning: Unused primitive (type: Cylinder) detected in property: via_barrels_outer_surface!
Warning: Unused primitive (type: Cylinder) detected in property: via_barrels_outer_surface!
Warning: Unused primitive (type: Cylinder) detected in property: via_barrels_outer_surface!
Warning: Unused primitive (type: Cylinder) detected in property: via_barrels_outer_surface!
Warning: Unused primitive (type: Cylinder) detected in property: via_barrels_outer_surface!
Warning: Unused primitive (type: Cylinder) detected in property: via_barrels_outer_surface!
Warning: Unused primitive (type: Cylinder) detected in property: via_barrels_outer_surface!
Warning: Unused primitive (type: Cylinder) detected in property: via_barrels_outer_surface!
Warning: Unused primitive (type: Cylinder) detected in property: via_barrels_outer_surface!
Warning: Unused primitive (type: Cylinder) detected in property: via_barrels_outer_surface!
Warning: Unused primitive (type: Cylinder) detected in property: via_barrels_outer_surface!
Warning: Unused primitive (type: Cylinder) detected in property: via_barrels_outer_surface!
Warning: Unused primitive (type: Cylinder) detected in property: via_barrels_outer_surface!
Warning: Unused primitive (type: Cylinder) detected in property: via_barrels_outer_surface!
Warning: Unused primitive (type: Cylinder) detected in property: via_barrels_outer_surface!
Warning: Unused primitive (type: Cylinder) detected in property: via_barrels_outer_surface!
Warning: Unused primitive (type: Cylinder) detected in property: via_barrels_outer_surface!
Warning: Unused primitive (type: Cylinder) detected in property: via_barrels_outer_surface!
Warning: Unused primitive (type: Cylinder) detected in property: via_barrels_outer_surface!
Warning: Unused primitive (type: Cylinder) detected in property: via_barrels_outer_surface!
Warning: Unused primitive (type: Cylinder) detected in property: via_barrels_outer_surface!
Warning: Unused primitive (type: Cylinder) detected in property: via_barrels_outer_surface!
Warning: Unused primitive (type: Cylinder) detected in property: via_barrels_outer_surface!
Warning: Unused primitive (type: Cylinder) detected in property: via_barrels_outer_surface!
Warning: Unused primitive (type: Cylinder) detected in property: via_barrels_outer_surface!
Warning: Unused primitive (type: Cylinder) detected in property: via_barrels_outer_surface!
Warning: Unused primitive (type: Cylinder) detected in property: via_barrels_outer_surface!
Warning: Unused primitive (type: Cylinder) detected in property: via_barrels_outer_surface!
Warning: Unused primitive (type: Cylinder) detected in property: via_barrels_outer_surface!
Warning: Unused primitive (type: Cylinder) detected in property: via_barrels_outer_surface!
Warning: Unused primitive (type: Cylinder) detected in property: via_barrels_outer_surface!
Warning: Unused primitive (type: Cylinder) detected in property: via_barrels_outer_surface!
Warning: Unused primitive (type: Cylinder) detected in property: via_barrels_outer_surface!
Warning: Unused primitive (type: Cylinder) detected in property: via_barrels_outer_surface!
Warning: Unused primitive (type: Cylinder) detected in property: via_barrels_outer_surface!
Warning: Unused primitive (type: Cylinder) detected in property: via_barrels_outer_surface!
Warning: Unused primitive (type: Cylinder) detected in property: via_barrels_outer_surface!
Warning: Unused primitive (type: Cylinder) detected in property: via_barrels_outer_surface!
Warning: Unused primitive (type: Cylinder) detected in property: via_barrels_outer_surface!
Warning: Unused primitive (type: Cylinder) detected in property: via_barrels_outer_surface!
Warning: Unused primitive (type: Cylinder) detected in property: via_barrels_outer_surface!
Warning: Unused primitive (type: Cylinder) detected in property: via_barrels_outer_surface!
Warning: Unused primitive (type: Cylinder) detected in property: via_barrels_outer_surface!
Warning: Unused primitive (type: Cylinder) detected in property: via_barrels_outer_surface!
Warning: Unused primitive (type: Cylinder) detected in property: via_barrels_outer_surface!
Warning: Unused primitive (type: Cylinder) detected in property: via_barrels_outer_surface!
Warning: Unused primitive (type: Cylinder) detected in property: via_barrels_outer_surface!
Warning: Unused primitive (type: Cylinder) detected in property: via_barrels_outer_surface!
Warning: Unused primitive (type: Cylinder) detected in property: via_barrels_outer_surface!
Warning: Unused primitive (type: Cylinder) detected in property: via_barrels_outer_surface!
Warning: Unused primitive (type: Cylinder) detected in property: via_barrels_outer_surface!
Warning: Unused primitive (type: Cylinder) detected in property: via_barrels_outer_surface!
Warning: Unused primitive (type: Cylinder) detected in property: via_barrels_outer_surface!
Warning: Unused primitive (type: Cylinder) detected in property: via_barrels_outer_surface!
Warning: Unused primitive (type: Cylinder) detected in property: via_barrels_outer_surface!
Warning: Unused primitive (type: Cylinder) detected in property: via_barrels_outer_surface!
Warning: Unused primitive (type: Cylinder) detected in property: via_barrels_outer_surface!
Warning: Unused primitive (type: Cylinder) detected in property: via_barrels_outer_surface!
Warning: Unused primitive (type: Cylinder) detected in property: via_barrels_outer_surface!
Warning: Unused primitive (type: Cylinder) detected in property: via_barrels_outer_surface!
Warning: Unused primitive (type: Cylinder) detected in property: via_barrels_outer_surface!
Warning: Unused primitive (type: Cylinder) detected in property: via_barrels_outer_surface!
Warning: Unused primitive (type: Cylinder) detected in property: via_barrels_outer_surface!
Warning: Unused primitive (type: Cylinder) detected in property: via_barrels_outer_surface!
Warning: Unused primitive (type: Cylinder) detected in property: via_barrels_outer_surface!
Warning: Unused primitive (type: Cylinder) detected in property: via_barrels_outer_surface!
Warning: Unused primitive (type: Cylinder) detected in property: via_barrels_outer_surface!
Warning: Unused primitive (type: Cylinder) detected in property: via_barrels_outer_surface!
Warning: Unused primitive (type: Cylinder) detected in property: via_barrels_outer_surface!
Warning: Unused primitive (type: Cylinder) detected in property: via_barrels_outer_surface!
Warning: Unused primitive (type: Cylinder) detected in property: via_barrels_outer_surface!
Warning: Unused primitive (type: Cylinder) detected in property: via_barrels_outer_surface!
Warning: Unused primitive (type: Cylinder) detected in property: via_barrels_outer_surface!
Warning: Unused primitive (type: Cylinder) detected in property: via_barrels_outer_surface!
Warning: Unused primitive (type: Cylinder) detected in property: via_barrels_outer_surface!
Warning: Unused primitive (type: Cylinder) detected in property: via_barrels_outer_surface!
Warning: Unused primitive (type: Cylinder) detected in property: via_barrels_outer_surface!
Warning: Unused primitive (type: Cylinder) detected in property: via_barrels_outer_surface!
Warning: Unused primitive (type: Cylinder) detected in property: via_barrels_outer_surface!
Warning: Unused primitive (type: Cylinder) detected in property: via_barrels_outer_surface!
Warning: Unused primitive (type: Cylinder) detected in property: via_barrels_outer_surface!
Warning: Unused primitive (type: Cylinder) detected in property: via_barrels_outer_surface!
Warning: Unused primitive (type: Cylinder) detected in property: via_barrels_outer_surface!
Warning: Unused primitive (type: Cylinder) detected in property: via_barrels_outer_surface!
Warning: Unused primitive (type: Cylinder) detected in property: via_barrels_outer_surface!
Warning: Unused primitive (type: Cylinder) detected in property: via_barrels_outer_surface!
Warning: Unused primitive (type: Cylinder) detected in property: via_barrels_outer_surface!
Warning: Unused primitive (type: Cylinder) detected in property: via_barrels_outer_surface!
Warning: Unused primitive (type: Cylinder) detected in property: via_barrels_outer_surface!
Warning: Unused primitive (type: Cylinder) detected in property: via_barrels_outer_surface!
Warning: Unused primitive (type: Cylinder) detected in property: via_barrels_outer_surface!
Warning: Unused primitive (type: Cylinder) detected in property: via_barrels_outer_surface!
Warning: Unused primitive (type: Cylinder) detected in property: via_barrels_outer_surface!
Warning: Unused primitive (type: Cylinder) detected in property: via_barrels_outer_surface!
Warning: Unused primitive (type: Cylinder) detected in property: via_barrels_outer_surface!
Warning: Unused primitive (type: Cylinder) detected in property: via_barrels_outer_surface!
Warning: Unused primitive (type: Cylinder) detected in property: via_barrels_outer_surface!
Warning: Unused primitive (type: Cylinder) detected in property: via_barrels_outer_surface!
Warning: Unused primitive (type: Cylinder) detected in property: via_barrels_outer_surface!
Warning: Unused primitive (type: Cylinder) detected in property: via_barrels_outer_surface!
Warning: Unused primitive (type: Cylinder) detected in property: via_barrels_outer_surface!
Warning: Unused primitive (type: Cylinder) detected in property: via_barrels_outer_surface!
Warning: Unused primitive (type: Cylinder) detected in property: via_barrels_outer_surface!
Warning: Unused primitive (type: Cylinder) detected in property: via_barrels_outer_surface!
Warning: Unused primitive (type: Cylinder) detected in property: via_barrels_outer_surface!
Warning: Unused primitive (type: Cylinder) detected in property: via_barrels_outer_surface!
Warning: Unused primitive (type: Cylinder) detected in property: via_barrels_outer_surface!
Warning: Unused primitive (type: Cylinder) detected in property: via_barrels_outer_surface!
Running FDTD engine... this may take a while... grab a cup of coffee?!?
[@       38s] Timestep:          250 || Speed:   71.1 MC/s (1.530e-01 s/TS) || Energy: ~5.03e-23 (- 0.00dB)
[@     1m23s] Timestep:          500 || Speed:   60.2 MC/s (1.808e-01 s/TS) || Energy: ~8.59e-22 (- 0.00dB)
[@     2m01s] Timestep:          750 || Speed:   70.7 MC/s (1.539e-01 s/TS) || Energy: ~1.09e-20 (- 0.00dB)
[@     2m43s] Timestep:         1000 || Speed:   65.5 MC/s (1.661e-01 s/TS) || Energy: ~1.06e-19 (- 0.00dB)
[@     3m29s] Timestep:         1250 || Speed:   58.5 MC/s (1.858e-01 s/TS) || Energy: ~7.97e-19 (- 0.00dB)
[@     4m11s] Timestep:         1500 || Speed:   65.5 MC/s (1.661e-01 s/TS) || Energy: ~4.61e-18 (- 0.00dB)
[@     4m55s] Timestep:         1750 || Speed:   62.1 MC/s (1.752e-01 s/TS) || Energy: ~2.07e-17 (- 0.00dB)
[@     5m43s] Timestep:         2000 || Speed:   56.9 MC/s (1.911e-01 s/TS) || Energy: ~7.22e-17 (- 0.00dB)
[@     6m30s] Timestep:         2250 || Speed:   57.4 MC/s (1.893e-01 s/TS) || Energy: ~1.98e-16 (- 0.00dB)
[@     7m12s] Timestep:         2500 || Speed:   63.9 MC/s (1.702e-01 s/TS) || Energy: ~4.34e-16 (- 0.00dB)
[@     7m51s] Timestep:         2750 || Speed:   70.3 MC/s (1.546e-01 s/TS) || Energy: ~7.67e-16 (- 0.00dB)
[@     8m14s] Timestep:         2875 || Speed:   58.9 MC/s (1.848e-01 s/TS) || Energy: ~9.48e-16 (- 0.00dB)
[@     8m39s] Timestep:         3000 || Speed:   55.5 MC/s (1.958e-01 s/TS) || Energy: ~1.12e-15 (- 0.00dB)
[@     9m23s] Timestep:         3250 || Speed:   61.9 MC/s (1.756e-01 s/TS) || Energy: ~1.41e-15 (- 0.00dB)
[@    10m03s] Timestep:         3500 || Speed:   66.7 MC/s (1.630e-01 s/TS) || Energy: ~1.58e-15 (- 0.00dB)
[@    10m45s] Timestep:         3750 || Speed:   65.8 MC/s (1.652e-01 s/TS) || Energy: ~1.64e-15 (- 0.00dB)
[@    11m23s] Timestep:         4000 || Speed:   71.3 MC/s (1.525e-01 s/TS) || Energy: ~1.66e-15 (- 0.00dB)
[@    12m04s] Timestep:         4250 || Speed:   66.4 MC/s (1.638e-01 s/TS) || Energy: ~1.66e-15 (- 0.00dB)
[@    12m40s] Timestep:         4500 || Speed:   74.0 MC/s (1.469e-01 s/TS) || Energy: ~1.66e-15 (- 0.00dB)
[@    13m22s] Timestep:         4750 || Speed:   65.1 MC/s (1.672e-01 s/TS) || Energy: ~1.68e-15 (- 0.00dB)
[@    14m02s] Timestep:         5000 || Speed:   68.1 MC/s (1.596e-01 s/TS) || Energy: ~1.69e-15 (- 0.00dB)
[@    14m42s] Timestep:         5250 || Speed:   68.2 MC/s (1.595e-01 s/TS) || Energy: ~1.68e-15 (- 0.01dB)
[@    15m21s] Timestep:         5500 || Speed:   69.9 MC/s (1.556e-01 s/TS) || Energy: ~1.65e-15 (- 0.09dB)
[@    16m05s] Timestep:         5750 || Speed:   62.0 MC/s (1.755e-01 s/TS) || Energy: ~1.58e-15 (- 0.29dB)
[@    16m48s] Timestep:         6000 || Speed:   62.7 MC/s (1.735e-01 s/TS) || Energy: ~1.43e-15 (- 0.72dB)
[@    17m28s] Timestep:         6250 || Speed:   68.4 MC/s (1.589e-01 s/TS) || Energy: ~1.18e-15 (- 1.54dB)
[@    18m13s] Timestep:         6500 || Speed:   59.7 MC/s (1.822e-01 s/TS) || Energy: ~8.60e-16 (- 2.92dB)
[@    18m54s] Timestep:         6750 || Speed:   67.6 MC/s (1.610e-01 s/TS) || Energy: ~5.35e-16 (- 4.99dB)
[@    19m34s] Timestep:         7000 || Speed:   67.0 MC/s (1.625e-01 s/TS) || Energy: ~2.81e-16 (- 7.77dB)
[@    20m17s] Timestep:         7250 || Speed:   64.4 MC/s (1.690e-01 s/TS) || Energy: ~1.30e-16 (-11.13dB)
[@    20m58s] Timestep:         7500 || Speed:   65.8 MC/s (1.653e-01 s/TS) || Energy: ~6.03e-17 (-14.47dB)
[@    21m39s] Timestep:         7750 || Speed:   66.7 MC/s (1.632e-01 s/TS) || Energy: ~3.51e-17 (-16.81dB)
[@    22m19s] Timestep:         8000 || Speed:   67.3 MC/s (1.616e-01 s/TS) || Energy: ~2.77e-17 (-17.84dB)
[@    23m01s] Timestep:         8250 || Speed:   64.7 MC/s (1.680e-01 s/TS) || Energy: ~2.68e-17 (-17.99dB)
[@    23m39s] Timestep:         8500 || Speed:   71.8 MC/s (1.516e-01 s/TS) || Energy: ~2.95e-17 (-17.58dB)
[@    24m19s] Timestep:         8750 || Speed:   67.4 MC/s (1.613e-01 s/TS) || Energy: ~3.44e-17 (-16.90dB)
[@    24m59s] Timestep:         9000 || Speed:   68.1 MC/s (1.597e-01 s/TS) || Energy: ~3.91e-17 (-16.35dB)
[@    25m38s] Timestep:         9250 || Speed:   70.4 MC/s (1.546e-01 s/TS) || Energy: ~4.15e-17 (-16.08dB)
[@    26m18s] Timestep:         9500 || Speed:   68.4 MC/s (1.590e-01 s/TS) || Energy: ~4.20e-17 (-16.04dB)
[@    26m58s] Timestep:         9750 || Speed:   67.0 MC/s (1.624e-01 s/TS) || Energy: ~4.11e-17 (-16.12dB)
[@    27m41s] Timestep:        10000 || Speed:   64.2 MC/s (1.694e-01 s/TS) || Energy: ~3.85e-17 (-16.41dB)
[@    28m25s] Timestep:        10250 || Speed:   61.7 MC/s (1.763e-01 s/TS) || Energy: ~3.38e-17 (-16.98dB)
[@    29m07s] Timestep:        10500 || Speed:   64.2 MC/s (1.693e-01 s/TS) || Energy: ~2.87e-17 (-17.69dB)
[@    29m53s] Timestep:        10750 || Speed:   58.9 MC/s (1.848e-01 s/TS) || Energy: ~2.59e-17 (-18.14dB)
[@    30m36s] Timestep:        11000 || Speed:   63.9 MC/s (1.701e-01 s/TS) || Energy: ~2.61e-17 (-18.10dB)
[@    31m15s] Timestep:        11250 || Speed:   69.2 MC/s (1.573e-01 s/TS) || Energy: ~2.77e-17 (-17.85dB)
[@    31m56s] Timestep:        11500 || Speed:   66.2 MC/s (1.642e-01 s/TS) || Energy: ~2.89e-17 (-17.66dB)
[@    32m40s] Timestep:        11750 || Speed:   62.5 MC/s (1.742e-01 s/TS) || Energy: ~2.99e-17 (-17.51dB)
[@    33m22s] Timestep:        12000 || Speed:   64.6 MC/s (1.684e-01 s/TS) || Energy: ~3.15e-17 (-17.29dB)
[@    34m06s] Timestep:        12250 || Speed:   61.1 MC/s (1.779e-01 s/TS) || Energy: ~3.33e-17 (-17.04dB)
[@    34m51s] Timestep:        12500 || Speed:   60.9 MC/s (1.786e-01 s/TS) || Energy: ~3.48e-17 (-16.86dB)
[@    35m36s] Timestep:        12750 || Speed:   60.8 MC/s (1.788e-01 s/TS) || Energy: ~3.63e-17 (-16.66dB)
[@    36m18s] Timestep:        13000 || Speed:   63.4 MC/s (1.716e-01 s/TS) || Energy: ~3.85e-17 (-16.42dB)
[@    37m01s] Timestep:        13250 || Speed:   64.4 MC/s (1.689e-01 s/TS) || Energy: ~3.99e-17 (-16.25dB)
[@    37m43s] Timestep:        13500 || Speed:   63.8 MC/s (1.705e-01 s/TS) || Energy: ~3.86e-17 (-16.40dB)
[@    38m27s] Timestep:        13750 || Speed:   62.5 MC/s (1.740e-01 s/TS) || Energy: ~3.42e-17 (-16.92dB)
[@    39m17s] Timestep:        14000 || Speed:   54.7 MC/s (1.989e-01 s/TS) || Energy: ~2.89e-17 (-17.66dB)
[@    40m04s] Timestep:        14250 || Speed:   57.0 MC/s (1.908e-01 s/TS) || Energy: ~2.58e-17 (-18.15dB)
[@    40m47s] Timestep:        14500 || Speed:   63.1 MC/s (1.724e-01 s/TS) || Energy: ~2.67e-17 (-18.00dB)
[@    41m26s] Timestep:        14750 || Speed:   69.8 MC/s (1.558e-01 s/TS) || Energy: ~3.02e-17 (-17.47dB)
[@    42m09s] Timestep:        15000 || Speed:   63.3 MC/s (1.717e-01 s/TS) || Energy: ~3.26e-17 (-17.13dB)
RunFDTD: Warning: Max. number of timesteps was reached before the end-criteria of -50dB was reached... 
	You may want to choose a higher number of max. timesteps... 
[@    42m18s] Timestep:        15051 || Speed:   61.1 MC/s (1.779e-01 s/TS) || Energy: ~3.28e-17 (-17.11dB)
Time for 15051 iterations with 10876320.00 cells : 2538.81 sec
Speed: 64.48 MCells/s 
COMPLETE {"solver": "openEMS 0.0.35", "lane": 0, "excitedPort": 1, "cellMm": 0.05, "fineMarginMm": 2, "fineBoundsMm": [-10.800231, -33.300000000000004, 6.450000000000001, -4.0], "maxTimeNs": 1.5, "endCriteria": 1e-05, "gridCells": [454, 663, 35], "foilPolygons": {"bottom": 520, "inner2": 288, "inner1": 293, "top": 520}, "contacts": [{"positive": [3.6, -6.800000000000001], "negative": [3.6, -6.0], "axis": "y", "leadHeightMm": 0.15, "portWidthMm": 0.2}, {"positive": [-8.0, -30.400000000000002], "negative": [-8.8, -30.400000000000002], "axis": "x", "leadHeightMm": 0.15, "portWidthMm": 0.2}], "dielectricLoss": "omitted", "copperLoss": "PEC for initial routing extraction", "input": {"circuitJson": "AM3352 release 0.1.19", "copper": "round-capped rendered full-board copper with holes", "sha256": {"circuitJson": "c9d7059fe536865784f175855e0dcc76510972319eec848c18b0ef6dcd2adb40", "model": "df6b49acab399463b772965f1f57722d6bf0e563658e1c522c59eca1e364b762", "compactCopper": "a45b995b797b1b5495d12ce898e99c0ed265df84c8e271764936ee95564b576b"}}, "limitations": ["Thin conductive foil placement, solid high-conductivity via exterior approximation", "Fine DDR region with graded coarser mesh outside; compare mesh and margin refinement", "Differential two-terminal ports, balanced excitation; no common-mode I/O or active aggressors in this extraction", "0.15 mm matched launch posts; not exact IC packaging", "Energy decay and mesh/time convergence must be assessed separately from reaching the requested finite record"], "wallSeconds": 2809.192425982008, "actualTimeNs": 1.49487062889, "sourceIncidentMinAbs": 7.985407874372518e-15, "solverCompleted": true, "recordLengthIsEnergyConvergence": false}
