
Note: No compatibility mode selected!


Circuit: dqs route-based estimate: not em/ibis-validated

Doing analysis at TEMP = 27.000000 and TNOM = 27.000000

Using SPARSE 1.3 as Direct Linear Solver

Initial Transient Solution
--------------------------

Node                                   Voltage
----                                   -------
ref                                       0.75
d0pideal                                     0
d0p0                                  0.298523
d0pload                               0.302216
d0nideal                                   1.5
d0n0                                    1.2015
d0nload                                1.19775
d1pideal                                     0
d1p0                                  0.298685
d1pload                               0.301972
d1nideal                                   1.5
d1n0                                   1.20132
d1nload                                1.19802
vd1n#branch                        -0.00746702
vd1p#branch                         0.00746713
vd0n#branch                        -0.00746252
vd0p#branch                         0.00746306
vref#branch                       -6.52805e-07

 Reference value :  1.68151e-09
 Reference value :  2.27401e-09
 Reference value :  2.73151e-09
 Reference value :  3.15263e-09
 Reference value :  3.41516e-09
 Reference value :  3.77550e-09
 Reference value :  4.08651e-09
 Reference value :  4.33665e-09
 Reference value :  4.60416e-09
 Reference value :  4.80410e-09
 Reference value :  5.00550e-09
 Reference value :  5.19251e-09
 Reference value :  5.37651e-09
 Reference value :  5.54065e-09
 Reference value :  5.72842e-09
 Reference value :  5.91816e-09
 Reference value :  6.08816e-09
 Reference value :  6.28750e-09
 Reference value :  6.47151e-09
 Reference value :  6.66002e-09
 Reference value :  6.82765e-09
 Reference value :  6.93365e-09
 Reference value :  7.09516e-09
 Reference value :  7.23716e-09
 Reference value :  7.37155e-09
 Reference value :  7.50650e-09
 Reference value :  7.63850e-09
 Reference value :  7.74851e-09
 Reference value :  7.85051e-09
 Reference value :  7.96365e-09
 Reference value :  8.07665e-09
 Reference value :  8.17463e-09
 Reference value :  8.28093e-09
 Reference value :  8.39416e-09
 Reference value :  8.49216e-09
 Reference value :  8.61616e-09
 Reference value :  8.71450e-09
 Reference value :  8.79650e-09
 Reference value :  8.88450e-09
 Reference value :  8.96151e-09
 Reference value :  9.06551e-09
 Reference value :  9.16002e-09
 Reference value :  9.24765e-09
 Reference value :  9.34665e-09
 Reference value :  9.43765e-09
 Reference value :  9.53676e-09
 Reference value :  9.62216e-09
 Reference value :  9.71716e-09
 Reference value :  9.82310e-09
 Reference value :  9.94150e-09
 Reference value :  1.00625e-08
 Reference value :  1.01453e-08
 Reference value :  1.02545e-08
 Reference value :  1.03455e-08
 Reference value :  1.04377e-08
 Reference value :  1.05417e-08
 Reference value :  1.06536e-08
 Reference value :  1.07438e-08
 Reference value :  1.08372e-08
 Reference value :  1.09312e-08
 Reference value :  1.10322e-08
 Reference value :  1.11242e-08
 Reference value :  1.12215e-08
 Reference value :  1.13074e-08
 Reference value :  1.14049e-08
 Reference value :  1.15105e-08
 Reference value :  1.16205e-08
 Reference value :  1.17187e-08
 Reference value :  1.18177e-08
 Reference value :  1.19207e-08
 Reference value :  1.19803e-08
 Reference value :  1.20462e-08
 Reference value :  1.21182e-08
 Reference value :  1.22222e-08
 Reference value :  1.23221e-08
 Reference value :  1.24195e-08
 Reference value :  1.25215e-08
 Reference value :  1.26225e-08
 Reference value :  1.27095e-08
 Reference value :  1.28085e-08
 Reference value :  1.29075e-08
 Reference value :  1.29987e-08
 Reference value :  1.30936e-08
 Reference value :  1.31896e-08
 Reference value :  1.32808e-08
 Reference value :  1.33702e-08
 Reference value :  1.34642e-08
 Reference value :  1.35552e-08
 Reference value :  1.36445e-08
 Reference value :  1.37355e-08
 Reference value :  1.38224e-08
 Reference value :  1.39069e-08
 Reference value :  1.39905e-08
 Reference value :  1.40805e-08
 Reference value :  1.41599e-08
 Reference value :  1.42217e-08
 Reference value :  1.42937e-08
 Reference value :  1.43787e-08
 Reference value :  1.44607e-08
 Reference value :  1.45368e-08
 Reference value :  1.46162e-08
 Reference value :  1.46982e-08
 Reference value :  1.47751e-08
 Reference value :  1.48485e-08
 Reference value :  1.49085e-08
 Reference value :  1.49845e-08
 Reference value :  1.50465e-08
 Reference value :  1.51257e-08
 Reference value :  1.51965e-08
 Reference value :  1.52685e-08
 Reference value :  1.53385e-08
 Reference value :  1.54098e-08
 Reference value :  1.54737e-08
 Reference value :  1.55447e-08
 Reference value :  1.56066e-08
 Reference value :  1.56836e-08
 Reference value :  1.57468e-08
 Reference value :  1.58142e-08
 Reference value :  1.58812e-08
 Reference value :  1.59452e-08
 Reference value :  1.60142e-08
 Reference value :  1.60782e-08
 Reference value :  1.61435e-08
 Reference value :  1.62195e-08
 Reference value :  1.62795e-08
 Reference value :  1.63164e-08
 Reference value :  1.63704e-08
 Reference value :  1.64249e-08
 Reference value :  1.64835e-08
 Reference value :  1.65435e-08
 Reference value :  1.65965e-08
 Reference value :  1.66637e-08
 Reference value :  1.67357e-08
 Reference value :  1.67977e-08
 Reference value :  1.68687e-08
 Reference value :  1.69417e-08
 Reference value :  1.70078e-08
 Reference value :  1.70732e-08
 Reference value :  1.71372e-08
 Reference value :  1.72082e-08
 Reference value :  1.72751e-08
 Reference value :  1.73435e-08
 Reference value :  1.74095e-08
 Reference value :  1.74765e-08
 Reference value :  1.75465e-08
 Reference value :  1.76085e-08
 Reference value :  1.76651e-08
 Reference value :  1.77115e-08
 Reference value :  1.77835e-08
 Reference value :  1.78425e-08
 Reference value :  1.79015e-08
 Reference value :  1.79637e-08
 Reference value :  1.80277e-08
 Reference value :  1.80757e-08
 Reference value :  1.81276e-08
 Reference value :  1.81796e-08
 Reference value :  1.82299e-08
 Reference value :  1.82867e-08
 Reference value :  1.83502e-08
 Reference value :  1.84182e-08
 Reference value :  1.84862e-08
 Reference value :  1.85532e-08
 Reference value :  1.86182e-08
 Reference value :  1.86825e-08
 Reference value :  1.87485e-08
 Reference value :  1.88124e-08
 Reference value :  1.88751e-08
 Reference value :  1.89129e-08
 Reference value :  1.89605e-08
 Reference value :  1.90195e-08
 Reference value :  1.90805e-08
 Reference value :  1.91305e-08
 Reference value :  1.91757e-08
 Reference value :  1.92407e-08
 Reference value :  1.93067e-08
 Reference value :  1.93727e-08
 Reference value :  1.94347e-08
 Reference value :  1.94757e-08
 Reference value :  1.95128e-08
 Reference value :  1.95542e-08
 Reference value :  1.95982e-08
 Reference value :  1.96352e-08
 Reference value :  1.96942e-08
 Reference value :  1.97562e-08
 Reference value :  1.98101e-08
 Reference value :  1.98635e-08
 Reference value :  1.99205e-08
 Reference value :  1.99825e-08
 Reference value :  2.00365e-08
 Reference value :  2.00975e-08
 Reference value :  2.01511e-08
 Reference value :  2.02015e-08
 Reference value :  2.02585e-08
 Reference value :  2.03095e-08
 Reference value :  2.03695e-08
 Reference value :  2.04227e-08
 Reference value :  2.04817e-08
 Reference value :  2.05407e-08
 Reference value :  2.05926e-08
 Reference value :  2.06516e-08
 Reference value :  2.07106e-08
 Reference value :  2.07638e-08
 Reference value :  2.08162e-08
 Reference value :  2.08752e-08
 Reference value :  2.09342e-08
 Reference value :  2.09922e-08
 Reference value :  2.10502e-08
 Reference value :  2.11102e-08
 Reference value :  2.11675e-08
 Reference value :  2.12275e-08
 Reference value :  2.12875e-08
 Reference value :  2.13444e-08
 Reference value :  2.13989e-08
 Reference value :  2.14515e-08
 Reference value :  2.15105e-08
 Reference value :  2.15695e-08
 Reference value :  2.16275e-08
 Reference value :  2.16787e-08
 Reference value :  2.17377e-08
 Reference value :  2.17967e-08
 Reference value :  2.18547e-08
 Reference value :  2.19127e-08
 Reference value :  2.19707e-08
 Reference value :  2.20228e-08
 Reference value :  2.20782e-08
 Reference value :  2.21362e-08
 Reference value :  2.21932e-08
 Reference value :  2.22482e-08
 Reference value :  2.22981e-08
 Reference value :  2.23385e-08
 Reference value :  2.23925e-08
 Reference value :  2.24415e-08
 Reference value :  2.24935e-08
 Reference value :  2.25475e-08
 Reference value :  2.26035e-08
 Reference value :  2.26521e-08
 Reference value :  2.27005e-08
 Reference value :  2.27545e-08
 Reference value :  2.28095e-08
 Reference value :  2.28645e-08
 Reference value :  2.29117e-08
 Reference value :  2.29657e-08
 Reference value :  2.30187e-08
 Reference value :  2.30697e-08
 Reference value :  2.31156e-08
 Reference value :  2.31596e-08
 Reference value :  2.32096e-08
 Reference value :  2.32548e-08
 Reference value :  2.32952e-08
 Reference value :  2.33452e-08
 Reference value :  2.33972e-08
 Reference value :  2.34502e-08
 Reference value :  2.35022e-08
 Reference value :  2.35552e-08
 Reference value :  2.36062e-08
 Reference value :  2.36555e-08
 Reference value :  2.37075e-08
 Reference value :  2.37585e-08
 Reference value :  2.38054e-08
 Reference value :  2.38534e-08
 Reference value :  2.38869e-08
 Reference value :  2.39297e-08
 Reference value :  2.39765e-08
 Reference value :  2.40235e-08
 Reference value :  2.40745e-08
 Reference value :  2.41205e-08
 Reference value :  2.41607e-08
 Reference value :  2.42107e-08
 Reference value :  2.42607e-08
 Reference value :  2.43117e-08
 Reference value :  2.43617e-08
 Reference value :  2.44097e-08
 Reference value :  2.44597e-08
 Reference value :  2.45038e-08
 Reference value :  2.45512e-08
 Reference value :  2.46012e-08
 Reference value :  2.46512e-08
 Reference value :  2.47002e-08
 Reference value :  2.47472e-08
 Reference value :  2.47931e-08
 Reference value :  2.48395e-08
 Reference value :  2.48855e-08
 Reference value :  2.49315e-08
 Reference value :  2.49795e-08
 Reference value :  2.50275e-08
 Reference value :  2.50755e-08
 Reference value :  2.51245e-08
 Reference value :  2.51681e-08
 Reference value :  2.52075e-08
 Reference value :  2.52545e-08
 Reference value :  2.53005e-08
 Reference value :  2.53485e-08
 Reference value :  2.53945e-08
 Reference value :  2.54327e-08
 Reference value :  2.54767e-08
 Reference value :  2.55227e-08
 Reference value :  2.55667e-08
 Reference value :  2.56096e-08
 Reference value :  2.56546e-08
 Reference value :  2.56986e-08
 Reference value :  2.57358e-08
 Reference value :  2.57788e-08
 Reference value :  2.58162e-08
 Reference value :  2.58602e-08
 Reference value :  2.59072e-08
 Reference value :  2.59542e-08
 Reference value :  2.60002e-08
 Reference value :  2.60432e-08
 Reference value :  2.60842e-08
 Reference value :  2.61253e-08
 Reference value :  2.61615e-08
 Reference value :  2.62025e-08
 Reference value :  2.62475e-08
 Reference value :  2.62915e-08
 Reference value :  2.63344e-08
 Reference value :  2.63775e-08
 Reference value :  2.64179e-08
 Reference value :  2.64545e-08
 Reference value :  2.64985e-08
 Reference value :  2.65365e-08
 Reference value :  2.65745e-08
 Reference value :  2.66195e-08
 Reference value :  2.66607e-08
 Reference value :  2.67017e-08
 Reference value :  2.67477e-08
 Reference value :  2.67947e-08
 Reference value :  2.68417e-08
 Reference value :  2.68877e-08
 Reference value :  2.69327e-08
 Reference value :  2.69777e-08
 Reference value :  2.70158e-08
 Reference value :  2.70552e-08
 Reference value :  2.70892e-08
 Reference value :  2.71322e-08
 Reference value :  2.71742e-08
 Reference value :  2.72152e-08
 Reference value :  2.72592e-08
 Reference value :  2.73001e-08
 Reference value :  2.73345e-08
 Reference value :  2.73753e-08
 Reference value :  2.74165e-08
 Reference value :  2.74585e-08
 Reference value :  2.75015e-08
 Reference value :  2.75425e-08
 Reference value :  2.75865e-08
 Reference value :  2.76275e-08
 Reference value :  2.76681e-08
 Reference value :  2.77045e-08
 Reference value :  2.77485e-08
 Reference value :  2.77915e-08
 Reference value :  2.78345e-08
 Reference value :  2.78775e-08
 Reference value :  2.79137e-08
 Reference value :  2.79567e-08
 Reference value :  2.79997e-08
 Reference value :  2.80417e-08
 Reference value :  2.80807e-08
 Reference value :  2.81176e-08
 Reference value :  2.81596e-08
 Reference value :  2.82006e-08
 Reference value :  2.82358e-08
 Reference value :  2.82768e-08
 Reference value :  2.83112e-08
 Reference value :  2.83522e-08
 Reference value :  2.83932e-08
 Reference value :  2.84352e-08
 Reference value :  2.84772e-08
 Reference value :  2.85182e-08
 Reference value :  2.85572e-08
 Reference value :  2.85952e-08
 Reference value :  2.86305e-08
 Reference value :  2.86735e-08
 Reference value :  2.87165e-08
 Reference value :  2.87585e-08
 Reference value :  2.87979e-08
 Reference value :  2.88344e-08
 Reference value :  2.88744e-08
 Reference value :  2.89089e-08
 Reference value :  2.89435e-08
 Reference value :  2.89865e-08
 Reference value :  2.90265e-08
 Reference value :  2.90675e-08
 Reference value :  2.91075e-08
 Reference value :  2.91465e-08
 Reference value :  2.91787e-08
 Reference value :  2.92217e-08
 Reference value :  2.92627e-08
 Reference value :  2.93037e-08
 Reference value :  2.93387e-08
 Reference value :  2.93787e-08
 Reference value :  2.94167e-08
 Reference value :  2.94587e-08
 Reference value :  2.94958e-08
 Reference value :  2.95367e-08
 Reference value :  2.95742e-08
 Reference value :  2.96142e-08
 Reference value :  2.96512e-08
 Reference value :  2.96902e-08
 Reference value :  2.97302e-08
 Reference value :  2.97669e-08
 Reference value :  2.98071e-08
 Reference value :  2.98455e-08
 Reference value :  2.98835e-08
 Reference value :  2.99245e-08
 Reference value :  2.99645e-08
 Reference value :  3.00055e-08
 Reference value :  3.00445e-08
 Reference value :  3.00825e-08
 Reference value :  3.01205e-08
 Reference value :  3.01541e-08
 Reference value :  3.01885e-08
 Reference value :  3.02275e-08
 Reference value :  3.02675e-08
 Reference value :  3.03085e-08
 Reference value :  3.03475e-08
 Reference value :  3.03885e-08
 Reference value :  3.04227e-08
 Reference value :  3.04637e-08
 Reference value :  3.05027e-08
 Reference value :  3.05437e-08
 Reference value :  3.05837e-08
 Reference value :  3.06206e-08
 Reference value :  3.06616e-08
 Reference value :  3.07006e-08
 Reference value :  3.07338e-08
 Reference value :  3.07748e-08
 Reference value :  3.08072e-08
 Reference value :  3.08442e-08
 Reference value :  3.08832e-08
 Reference value :  3.09232e-08
 Reference value :  3.09632e-08
 Reference value :  3.10042e-08
 Reference value :  3.10452e-08
 Reference value :  3.10852e-08
 Reference value :  3.11250e-08
 Reference value :  3.11625e-08
 Reference value :  3.12025e-08
 Reference value :  3.12415e-08
 Reference value :  3.12805e-08
 Reference value :  3.13154e-08
 Reference value :  3.13514e-08
 Reference value :  3.13835e-08
 Reference value :  3.14159e-08
 Reference value :  3.14445e-08
 Reference value :  3.14815e-08
 Reference value :  3.15185e-08
 Reference value :  3.15555e-08
 Reference value :  3.15925e-08
 Reference value :  3.16325e-08
 Reference value :  3.16657e-08
 Reference value :  3.17047e-08
 Reference value :  3.17447e-08
 Reference value :  3.17847e-08
 Reference value :  3.18207e-08
 Reference value :  3.18597e-08
 Reference value :  3.18997e-08
 Reference value :  3.19397e-08
 Reference value :  3.19785e-08
 Reference value :  3.20138e-08
 Reference value :  3.20482e-08
 Reference value :  3.20862e-08
 Reference value :  3.21242e-08
 Reference value :  3.21622e-08
 Reference value :  3.22002e-08
 Reference value :  3.22382e-08
 Reference value :  3.22731e-08
 Reference value :  3.23081e-08
 Reference value :  3.23405e-08
 Reference value :  3.23757e-08
 Reference value :  3.24105e-08
 Reference value :  3.24475e-08
 Reference value :  3.24855e-08
 Reference value :  3.25235e-08
 Reference value :  3.25615e-08
 Reference value :  3.25985e-08
 Reference value :  3.26335e-08
 Reference value :  3.26681e-08
 Reference value :  3.26995e-08
 Reference value :  3.27345e-08
 Reference value :  3.27715e-08
 Reference value :  3.28075e-08
 Reference value :  3.28425e-08
 Reference value :  3.28775e-08
 Reference value :  3.29100e-08
 Reference value :  3.29427e-08
 Reference value :  3.29797e-08
 Reference value :  3.30167e-08
 Reference value :  3.30507e-08
 Reference value :  3.30867e-08
 Reference value :  3.31176e-08
 Reference value :  3.31506e-08
 Reference value :  3.31856e-08
 Reference value :  3.32206e-08
 Reference value :  3.32518e-08
 Reference value :  3.32844e-08
 Reference value :  3.33172e-08
 Reference value :  3.33532e-08
 Reference value :  3.33892e-08
 Reference value :  3.34232e-08
 Reference value :  3.34572e-08
 Reference value :  3.34902e-08
 Reference value :  3.35252e-08
 Reference value :  3.35552e-08
 Reference value :  3.35882e-08
 Reference value :  3.36222e-08
 Reference value :  3.36525e-08
 Reference value :  3.36865e-08
 Reference value :  3.37205e-08
 Reference value :  3.37545e-08
 Reference value :  3.37865e-08
 Reference value :  3.38184e-08
 Reference value :  3.38534e-08
 Reference value :  3.38845e-08
 Reference value :  3.39189e-08
 Reference value :  3.39485e-08
 Reference value :  3.39855e-08
 Reference value :  3.40225e-08
 Reference value :  3.40595e-08
 Reference value :  3.40955e-08
 Reference value :  3.41325e-08
 Reference value :  3.41617e-08
 Reference value :  3.41977e-08
 Reference value :  3.42317e-08
 Reference value :  3.42647e-08
 Reference value :  3.43007e-08
 Reference value :  3.43357e-08
 Reference value :  3.43697e-08
 Reference value :  3.44047e-08
 Reference value :  3.44397e-08
 Reference value :  3.44747e-08
 Reference value :  3.45028e-08
 Reference value :  3.45370e-08
 Reference value :  3.45712e-08
 Reference value :  3.46052e-08
 Reference value :  3.46412e-08
 Reference value :  3.46752e-08
 Reference value :  3.47112e-08
 Reference value :  3.47462e-08
 Reference value :  3.47791e-08
 Reference value :  3.48141e-08
 Reference value :  3.48465e-08
 Reference value :  3.48785e-08
 Reference value :  3.49135e-08
 Reference value :  3.49485e-08
 Reference value :  3.49825e-08
 Reference value :  3.50125e-08
 Reference value :  3.50455e-08
 Reference value :  3.50765e-08
 Reference value :  3.51085e-08
 Reference value :  3.51395e-08
 Reference value :  3.51711e-08
 Reference value :  3.51985e-08
 Reference value :  3.52325e-08
 Reference value :  3.52675e-08
 Reference value :  3.53025e-08
 Reference value :  3.53385e-08
 Reference value :  3.53735e-08
 Reference value :  3.54085e-08
 Reference value :  3.54367e-08
 Reference value :  3.54727e-08
 Reference value :  3.55077e-08
 Reference value :  3.55417e-08
 Reference value :  3.55767e-08
 Reference value :  3.56086e-08
 Reference value :  3.56426e-08
 Reference value :  3.56736e-08
 Reference value :  3.57066e-08
 Reference value :  3.57338e-08
 Reference value :  3.57668e-08
 Reference value :  3.57932e-08
 Reference value :  3.58262e-08
 Reference value :  3.58572e-08
 Reference value :  3.58882e-08
 Reference value :  3.59202e-08
 Reference value :  3.59522e-08
 Reference value :  3.59842e-08
 Reference value :  3.60172e-08
 Reference value :  3.60472e-08
 Reference value :  3.60802e-08
 Reference value :  3.61132e-08
 Reference value :  3.61425e-08
 Reference value :  3.61745e-08
 Reference value :  3.62075e-08
 Reference value :  3.62385e-08
 Reference value :  3.62695e-08
 Reference value :  3.62986e-08
 Reference value :  3.63304e-08
 Reference value :  3.63624e-08
 Reference value :  3.63879e-08
 Reference value :  3.64189e-08
 Reference value :  3.64435e-08
 Reference value :  3.64755e-08
 Reference value :  3.65075e-08
 Reference value :  3.65395e-08
 Reference value :  3.65715e-08
 Reference value :  3.66045e-08
 Reference value :  3.66365e-08
 Reference value :  3.66637e-08
 Reference value :  3.66957e-08
 Reference value :  3.67257e-08
 Reference value :  3.67587e-08
 Reference value :  3.67927e-08
 Reference value :  3.68267e-08
 Reference value :  3.68607e-08
 Reference value :  3.68947e-08
 Reference value :  3.69237e-08
 Reference value :  3.69547e-08
 Reference value :  3.69806e-08
 Reference value :  3.70108e-08
 Reference value :  3.70370e-08
 Reference value :  3.70662e-08
 Reference value :  3.70952e-08
 Reference value :  3.71232e-08
 Reference value :  3.71542e-08
 Reference value :  3.71852e-08
 Reference value :  3.72122e-08
 Reference value :  3.72412e-08
 Reference value :  3.72673e-08
 Reference value :  3.72991e-08
 Reference value :  3.73291e-08
 Reference value :  3.73595e-08
 Reference value :  3.73865e-08
 Reference value :  3.74185e-08
 Reference value :  3.74505e-08
 Reference value :  3.74825e-08
 Reference value :  3.75115e-08
 Reference value :  3.75435e-08
 Reference value :  3.75745e-08
 Reference value :  3.76065e-08
 Reference value :  3.76355e-08
 Reference value :  3.76641e-08
 Reference value :  3.76905e-08
 Reference value :  3.77225e-08
 Reference value :  3.77545e-08
 Reference value :  3.77855e-08
 Reference value :  3.78185e-08
 Reference value :  3.78505e-08
 Reference value :  3.78835e-08
 Reference value :  3.79108e-08
 Reference value :  3.79427e-08
 Reference value :  3.79757e-08
 Reference value :  3.80077e-08
 Reference value :  3.80387e-08
 Reference value :  3.80697e-08
 Reference value :  3.80996e-08
 Reference value :  3.81326e-08
 Reference value :  3.81636e-08
 Reference value :  3.81956e-08
 Reference value :  3.82246e-08
 Reference value :  3.82508e-08
 Reference value :  3.82810e-08
 Reference value :  3.83072e-08
 Reference value :  3.83382e-08
 Reference value :  3.83692e-08
 Reference value :  3.84002e-08
 Reference value :  3.84322e-08
 Reference value :  3.84632e-08
 Reference value :  3.84942e-08
 Reference value :  3.85252e-08
 Reference value :  3.85562e-08
 Reference value :  3.85872e-08
 Reference value :  3.86192e-08
 Reference value :  3.86455e-08
 Reference value :  3.86765e-08
 Reference value :  3.87065e-08
 Reference value :  3.87325e-08
 Reference value :  3.87615e-08
 Reference value :  3.87925e-08
 Reference value :  3.88204e-08
 Reference value :  3.88514e-08
 Reference value :  3.88805e-08
 Reference value :  3.89099e-08
 Reference value :  3.89325e-08
 Reference value :  3.89625e-08
 Reference value :  3.89945e-08
 Reference value :  3.90265e-08
 Reference value :  3.90585e-08
 Reference value :  3.90905e-08
 Reference value :  3.91225e-08
 Reference value :  3.91535e-08
 Reference value :  3.91787e-08
 Reference value :  3.92097e-08
 Reference value :  3.92407e-08
 Reference value :  3.92717e-08
 Reference value :  3.93017e-08
 Reference value :  3.93317e-08
 Reference value :  3.93607e-08
 Reference value :  3.93897e-08
 Reference value :  3.94207e-08
 Reference value :  3.94497e-08
 Reference value :  3.94785e-08
 Reference value :  3.95038e-08
 Reference value :  3.95328e-08
 Reference value :  3.95602e-08
 Reference value :  3.95912e-08
 Reference value :  3.96222e-08
 Reference value :  3.96512e-08
 Reference value :  3.96812e-08
 Reference value :  3.97112e-08
 Reference value :  3.97412e-08
 Reference value :  3.97691e-08
 Reference value :  3.97971e-08
 Reference value :  3.98251e-08
 Reference value :  3.98515e-08
 Reference value :  3.98815e-08
 Reference value :  3.99115e-08
 Reference value :  3.99405e-08
 Reference value :  3.99715e-08
No. of Data Rows : 41193
ngspice-44.2 done
Warning: can't find the initialization file spinit.
