>> /usr/bin/mpirun -n 2 /opt/palace/bin/palace-x86_64.bin palace.json

_____________     _______
_____   __   \____ __   /____ ____________
____   /_/  /  __ ` /  /  __ ` /  ___/  _ \
___   _____/  /_/  /  /  /_/  /  /__/  ___/
  /__/     \___,__/__/\___,__/\_____\_____/

Git changeset ID: v0.14.0
Running with 2 MPI processes, 1 OpenMP thread
Device configuration: omp,cpu
Memory configuration: host-std
libCEED backend: /cpu/self/xsmm/blocked

Added 18160 boundary elements for material interfaces to the mesh
Finished partitioning mesh into 2 subdomains

Characteristic length and time scales:
 L₀ = 1.000e-03 m, t₀ = 3.336e-03 ns

Mesh curvature order: 1
Mesh bounding box:
 (Xmin, Ymin, Zmin) = (-6.000e-03, -5.000e-03, -2.035e-03) m
 (Xmax, Ymax, Zmax) = (+6.000e-03, +5.000e-03, +2.940e-03) m

Parallel Mesh Stats:

                minimum     average     maximum       total
 vertices          4817        4866        4916        9733
 edges            31586       31714       31842       63428
 faces            53540       53616       53693      107233
 elements         26766       26768       26771       53537
 neighbors            1           1           1

            minimum     maximum
 h        0.0102566     2.25484
 kappa      1.14145     226.673

Configuring Robin absorbing BC (order 1) at attributes:
 13

Configuring Robin impedance BC for lumped ports at attributes:
 21: Rs = 6.267e+00 Ω/sq, n = (+0.0,-0.0,+1.0)
 22: Rs = 2.507e+01 Ω/sq, n = (+0.0,-0.0,+1.0)

Configuring lumped port circuit properties:
 Index = 1: R = 2.500e+01 Ω
 Index = 2: R = 1.000e+02 Ω

Configuring lumped port excitation source term at attributes:
 21: Index = 1

Computing frequency response for:
Excitation with index 1 has contributions from:
 Lumped port  1

Assembling system matrices, number of global unknowns:
 H1 (p = 1): 9733, ND (p = 1): 63428, RT (p = 1): 107233
 Operator assembly level: Partial
 Mesh geometries:
  Tetrahedron: P = 6, Q = 4 (quadrature order = 2)

Assembling multigrid hierarchy:
 Level 0 (p = 1): 63428 unknowns
 Level 0 (auxiliary) (p = 1): 9733 unknowns

It 1/1: ω/2π = 1.000e-03 GHz (total elapsed time = 3.05e-01 s)

  Residual norms for GMRES solve
  0 (restart 0) KSP residual norm 9.858278e+00
  1 (restart 0) KSP residual norm 9.360543e-04
  2 (restart 0) KSP residual norm 5.913611e-07
  3 (restart 0) KSP residual norm 8.250762e-10
GMRES solver converged in 3 iterations (avg. reduction factor: 4.374e-04)
 Sol. ||E|| = 9.858238e+00 (||RHS|| = 2.405145e-04)
 Field energy E (1.893e-02 J) + H (1.128e-02 J) = 3.021e-02 J
 S[1][1] = +5.981e-01-4.805e-05i, |S[1][1]| = -4.464e+00, arg(S[1][1]) = -4.603e-03
 S[2][1] = +3.995e-01-1.006e-04i, |S[2][1]| = -7.971e+00, arg(S[2][1]) = -1.444e-02

 Wrote fields to disk at step 1
 Updating solution error estimates

Completed 0 iterations of adaptive mesh refinement (AMR):
 Indicator norm = 6.250e-01, global unknowns = 63428
 Max. iterations = 0, tol. = 1.000e-02

Elapsed Time Report (s)           Min.        Max.        Avg.
==============================================================
Initialization                   0.056       0.058       0.057
  Mesh Preprocessing             0.499       0.499       0.499
Operator Construction            0.126       0.127       0.126
Linear Solve                     0.286       0.294       0.290
  Setup                          0.304       0.307       0.305
  Preconditioner                 3.236       3.244       3.240
Estimation                       0.042       0.044       0.043
  Construction                   3.014       3.014       3.014
  Solve                          5.095       5.096       5.095
Postprocessing                   0.047       0.049       0.048
Disk IO                          2.791       2.792       2.791
--------------------------------------------------------------
Total                           15.531      15.533      15.532

