
Note: No compatibility mode selected!


Circuit: assumed noisy bench companion: virtual ideal differential source

Doing analysis at TEMP = 27.000000 and TNOM = 27.000000

Using SPARSE 1.3 as Direct Linear Solver

Initial Transient Solution
--------------------------

Node                                   Voltage
----                                   -------
srcp                                         0
srcn                                       1.5
rxp                                   0.353592
rxp0                                  0.358044
rxn                                    1.14641
rxn0                                   1.14196
diep                                  0.354045
dien                                   1.14597
pkp                                   0.355252
pkn                                    1.14472
txp                                   0.355252
txn                                    1.14472
csrc                                 -0.789472
xpcb.s1                              -0.789472
xpcb.x1_re_a1                     -2.33802e-13
xpcb.x1_im_a1                      3.66403e-12
xpcb.x2_re_a1                      -4.7134e-13
xpcb.x2_im_a1                      4.26953e-12
xpcb.x3_re_a1                     -8.89556e-13
xpcb.x3_im_a1                      4.51536e-12
xpcb.x4_re_a1                     -9.00761e-13
xpcb.x4_im_a1                      5.00813e-12
xpcb.x5_re_a1                     -1.50073e-12
xpcb.x5_im_a1                      5.89246e-12
xpcb.x6_re_a1                     -1.33462e-12
xpcb.x6_im_a1                      6.06832e-12
xpcb.x7_re_a1                     -2.29234e-12
xpcb.x7_im_a1                      6.21241e-12
xpcb.x8_re_a1                     -2.88307e-12
xpcb.x8_im_a1                      7.19383e-12
xpcb.x9_re_a1                     -4.57834e-12
xpcb.x9_im_a1                      9.59666e-12
xpcb.x10_re_a1                     -4.8421e-12
xpcb.x10_im_a1                     9.82594e-12
xpcb.x11_re_a1                    -1.51503e-11
xpcb.x11_im_a1                     5.62941e-12
xpcb.x12_re_a1                     -1.4183e-11
xpcb.x12_im_a1                     1.06244e-11
xpcb.x13_re_a1                    -1.07305e-11
xpcb.x13_im_a1                     8.97265e-12
cload                                -0.783911
xpcb.x1_re_a2                     -1.99351e-14
xpcb.x1_im_a2                      3.12412e-13
xpcb.x2_re_a2                     -4.01886e-14
xpcb.x2_im_a2                       3.6404e-13
xpcb.x3_re_a2                     -7.58477e-14
xpcb.x3_im_a2                      3.85001e-13
xpcb.x4_re_a2                     -7.68031e-14
xpcb.x4_im_a2                      4.27016e-13
xpcb.x5_re_a2                      -1.2796e-13
xpcb.x5_im_a2                      5.02418e-13
xpcb.x6_re_a2                     -1.13796e-13
xpcb.x6_im_a2                      5.17413e-13
xpcb.x7_re_a2                     -1.95456e-13
xpcb.x7_im_a2                      5.29699e-13
xpcb.x8_re_a2                     -2.45824e-13
xpcb.x8_im_a2                      6.13379e-13
xpcb.x9_re_a2                      -3.9037e-13
xpcb.x9_im_a2                      8.18256e-13
xpcb.x10_re_a2                     -4.1286e-13
xpcb.x10_im_a2                     8.37806e-13
xpcb.x11_re_a2                    -1.29178e-12
xpcb.x11_im_a2                      4.7999e-13
xpcb.x12_re_a2                    -1.20931e-12
xpcb.x12_im_a2                     9.05885e-13
xpcb.x13_re_a2                    -9.14932e-13
xpcb.x13_im_a2                      7.6505e-13
xpcb.s2                              -0.783911
cm                                        0.75
halfcm                                0.177626
srccm                                 0.749988
rkp                                   0.356352
rkn                                    1.14382
rdiep                                 0.356352
rdien                                  1.14382
erxn#branch                        -0.00656368
erxp#branch                          0.0065608
ecmsrc#branch                      3.92874e-07
v.xpcb.v2#branch                    0.00656224
v.xpcb.v1#branch                   -0.00708071
ebal#branch                         0.00708071
lrn#branch                          0.00656368
lrp#branch                          -0.0065608
lpn#branch                          0.00708051
lpp#branch                          -0.0070809
ecmhalf#branch                     3.92874e-07
vcm#branch                        -3.92874e-07
vnn#branch                         -0.00656368
vnp#branch                           0.0065608
vnegative#branch                   -0.00708051
vpositive#branch                     0.0070809

 Reference value :  2.99000e-06
 Reference value :  2.99740e-06
 Reference value :  3.00439e-06
 Reference value :  3.00985e-06
 Reference value :  3.01664e-06
 Reference value :  3.02359e-06
 Reference value :  3.03029e-06
 Reference value :  3.03346e-06
 Reference value :  3.03532e-06
 Reference value :  3.03670e-06
 Reference value :  3.04262e-06
 Reference value :  3.04614e-06
 Reference value :  3.05294e-06
 Reference value :  3.05999e-06
 Reference value :  3.06696e-06
 Reference value :  3.07224e-06
 Reference value :  3.07966e-06
 Reference value :  3.08437e-06
 Reference value :  3.09204e-06
 Reference value :  3.09662e-06
 Reference value :  3.10398e-06
 Reference value :  3.11136e-06
 Reference value :  3.11880e-06
 Reference value :  3.12644e-06
 Reference value :  3.13391e-06
 Reference value :  3.13895e-06
 Reference value :  3.14488e-06
 Reference value :  3.15119e-06
 Reference value :  3.15888e-06
 Reference value :  3.16296e-06
 Reference value :  3.17059e-06
 Reference value :  3.17603e-06
 Reference value :  3.18343e-06
 Reference value :  3.19098e-06
 Reference value :  3.19829e-06
 Reference value :  3.20585e-06
 Reference value :  3.21344e-06
 Reference value :  3.22096e-06
 Reference value :  3.22863e-06
 Reference value :  3.23462e-06
 Reference value :  3.24221e-06
 Reference value :  3.24991e-06
 Reference value :  3.25746e-06
 Reference value :  3.26492e-06
 Reference value :  3.27256e-06
 Reference value :  3.27729e-06
 Reference value :  3.28266e-06
 Reference value :  3.28824e-06
 Reference value :  3.29220e-06
 Reference value :  3.29797e-06
 Reference value :  3.30192e-06
 Reference value :  3.30765e-06
 Reference value :  3.31210e-06
 Reference value :  3.31831e-06
 Reference value :  3.32571e-06
 Reference value :  3.33156e-06
 Reference value :  3.33777e-06
 Reference value :  3.34271e-06
 Reference value :  3.34722e-06
 Reference value :  3.35467e-06
 Reference value :  3.35948e-06
 Reference value :  3.36644e-06
 Reference value :  3.37370e-06
 Reference value :  3.37812e-06
 Reference value :  3.38472e-06
 Reference value :  3.38956e-06
 Reference value :  3.39712e-06
 Reference value :  3.40469e-06
 Reference value :  3.41211e-06
 Reference value :  3.41962e-06
 Reference value :  3.42717e-06
 Reference value :  3.43473e-06
 Reference value :  3.44243e-06
 Reference value :  3.44994e-06
 Reference value :  3.45748e-06
 Reference value :  3.46512e-06
 Reference value :  3.47053e-06
 Reference value :  3.47800e-06
 Reference value :  3.48314e-06
 Reference value :  3.48699e-06
 Reference value :  3.49392e-06
 Reference value :  3.49608e-06
 Reference value :  3.50341e-06
No. of Data Rows : 1223432
BANDWIDTH_STRESS_COMPLETE
ngspice-44.2 done
