
Note: No compatibility mode selected!


Circuit: assumed noisy bench companion: virtual ideal differential source

Doing analysis at TEMP = 27.000000 and TNOM = 27.000000

Using SPARSE 1.3 as Direct Linear Solver

Initial Transient Solution
--------------------------

Node                                   Voltage
----                                   -------
srcp                                         0
srcn                                       1.5
rxp                                   0.337863
rxp0                                  0.342315
rxn                                    1.16214
rxn0                                   1.15768
diep                                  0.341141
dien                                   1.15888
pkp                                   0.342304
pkn                                    1.15767
txp                                   0.342304
txn                                    1.15767
csrc                                  -0.81537
cload                                 -0.81537
cm                                        0.75
halfcm                                0.171152
srccm                                 0.749989
rkp                                   0.340732
rkn                                    1.15945
rdiep                                 0.340732
rdien                                  1.15945
erxn#branch                        -0.00682412
erxp#branch                         0.00682113
ecmsrc#branch                      3.78555e-07
ebal#branch                         0.00682262
lrn#branch                          0.00682412
lrp#branch                         -0.00682113
lpn#branch                          0.00682243
lpp#branch                         -0.00682281
ecmhalf#branch                     3.78555e-07
vcm#branch                        -3.78555e-07
vnn#branch                         -0.00682412
vnp#branch                          0.00682113
vnegative#branch                   -0.00682243
vpositive#branch                    0.00682281

