>> /usr/bin/mpirun -n 1 /opt/palace/bin/palace-x86_64.bin palace.json

_____________     _______
_____   __   \____ __   /____ ____________
____   /_/  /  __ ` /  /  __ ` /  ___/  _ \
___   _____/  /_/  /  /  /_/  /  /__/  ___/
  /__/     \___,__/__/\___,__/\_____\_____/

Git changeset ID: v0.14.0
Running with 1 MPI process, 1 OpenMP thread
Device configuration: omp,cpu
Memory configuration: host-std
libCEED backend: /cpu/self/xsmm/blocked

Added 69096 boundary elements for material interfaces to the mesh
Finished partitioning mesh into 1 subdomain

Characteristic length and time scales:
 L₀ = 1.000e-03 m, t₀ = 3.336e-03 ns

Mesh curvature order: 1
Mesh bounding box:
 (Xmin, Ymin, Zmin) = (-2.600e-02, -2.600e-02, -6.000e-03) m
 (Xmax, Ymax, Zmax) = (+2.600e-02, +2.600e-02, +6.800e-03) m

Parallel Mesh Stats:

                minimum     average     maximum       total
 vertices         46607       46607       46607       46607
 edges           282533      282533      282533      282533
 faces           469429      469429      469429      469429
 elements        233502      233502      233502      233502
 neighbors            0           0           0

            minimum     maximum
 h        0.0289728     3.65133
 kappa      1.03048     121.451

Configuring Robin absorbing BC (order 1) at attributes:
 13

Configuring Robin impedance BC for lumped ports at attributes:
 21: Rs = 1.125e+01 Ω/sq, n = (+1.0,+0.0,+0.0)
 22: Rs = 1.125e+01 Ω/sq, n = (-1.0,+0.0,+0.0)
 23: Rs = 1.125e+01 Ω/sq, n = (+1.0,+0.0,+0.0)
 24: Rs = 1.125e+01 Ω/sq, n = (+1.0,+0.0,+0.0)
 25: Rs = 1.125e+01 Ω/sq, n = (+1.0,+0.0,+0.0)
 26: Rs = 1.125e+01 Ω/sq, n = (-1.0,+0.0,+0.0)

Configuring lumped port circuit properties:
 Index = 1: R = 5.000e+01 Ω
 Index = 2: R = 5.000e+01 Ω
 Index = 3: R = 5.000e+01 Ω
 Index = 4: R = 5.000e+01 Ω
 Index = 5: R = 5.000e+01 Ω
 Index = 6: R = 5.000e+01 Ω

Configuring lumped port excitation source term at attributes:
 21: Index = 1
 23: Index = 3
 25: Index = 5

Computing frequency response for:
Excitation 1/3 with index 1 has contributions from:
 Lumped port  1
Excitation 2/3 with index 3 has contributions from:
 Lumped port  3
Excitation 3/3 with index 5 has contributions from:
 Lumped port  5

Assembling system matrices, number of global unknowns:
 H1 (p = 1): 46607, ND (p = 1): 282533, RT (p = 1): 469429
 Operator assembly level: Partial
 Mesh geometries:
  Tetrahedron: P = 6, Q = 4 (quadrature order = 2)

Sweeping excitation index 1 (1/3):

Assembling multigrid hierarchy:
 Level 0 (p = 1): 282533 unknowns
 Level 0 (auxiliary) (p = 1): 46607 unknowns

It 1/1: ω/2π = 1.000e-04 GHz (total elapsed time = 3.20e+00 s, solve 1/3)

  Residual norms for GMRES solve
  0 (restart 0) KSP residual norm 2.842605e+01
  1 (restart 0) KSP residual norm 7.424739e-02
  2 (restart 0) KSP residual norm 9.663701e-04
  3 (restart 0) KSP residual norm 3.452676e-04
  4 (restart 0) KSP residual norm 1.228254e-04
  5 (restart 0) KSP residual norm 2.007531e-05
  6 (restart 0) KSP residual norm 8.542512e-06
  7 (restart 0) KSP residual norm 9.605419e-07
  8 (restart 0) KSP residual norm 3.246287e-07
  9 (restart 0) KSP residual norm 1.129836e-07
 10 (restart 0) KSP residual norm 2.792374e-08
GMRES solver converged in 10 iterations (avg. reduction factor: 1.257e-01)
 Sol. ||E|| = 2.842818e+01 (||RHS|| = 1.803906e-05)
 Field energy E (2.104e-01 J) + H (7.933e-01 J) = 1.004e+00 J
 S[1][1] = +3.019e-03+3.662e-04i, |S[1][1]| = -5.034e+01, arg(S[1][1]) = +6.917e+00
 S[2][1] = +9.970e-01-6.307e-04i, |S[2][1]| = -2.630e-02, arg(S[2][1]) = -3.624e-02
 S[3][1] = +5.782e-05+1.678e-04i, |S[3][1]| = -7.502e+01, arg(S[3][1]) = +7.099e+01
 S[4][1] = -5.781e-05-1.639e-04i, |S[4][1]| = -7.520e+01, arg(S[4][1]) = -1.094e+02
 S[5][1] = +5.093e-05+1.659e-04i, |S[5][1]| = -7.521e+01, arg(S[5][1]) = +7.293e+01
 S[6][1] = -5.088e-05-1.609e-04i, |S[6][1]| = -7.546e+01, arg(S[6][1]) = -1.075e+02

 Wrote fields to disk at step 1
 Updating solution error estimates

Sweeping excitation index 3 (2/3):

It 1/1: ω/2π = 1.000e-04 GHz (total elapsed time = 7.31e+01 s, solve 2/3)

  Residual norms for GMRES solve
  0 (restart 0) KSP residual norm 3.750656e+01
  1 (restart 0) KSP residual norm 9.368795e-02
  2 (restart 0) KSP residual norm 1.625145e-03
  3 (restart 0) KSP residual norm 1.125140e-03
  4 (restart 0) KSP residual norm 8.260103e-05
  5 (restart 0) KSP residual norm 3.029948e-05
  6 (restart 0) KSP residual norm 4.007204e-06
  7 (restart 0) KSP residual norm 1.141939e-06
  8 (restart 0) KSP residual norm 4.934206e-07
  9 (restart 0) KSP residual norm 1.119342e-07
 10 (restart 0) KSP residual norm 3.552812e-08
 11 (restart 0) KSP residual norm 1.364450e-08
GMRES solver converged in 11 iterations (avg. reduction factor: 1.445e-01)
 Sol. ||E|| = 2.386881e+01 (||RHS|| = 1.807159e-05)
 Field energy E (1.502e-01 J) + H (6.883e-01 J) = 8.385e-01 J
 S[1][3] = +5.782e-05+1.678e-04i, |S[1][3]| = -7.502e+01, arg(S[1][3]) = +7.099e+01
 S[2][3] = -5.783e-05-1.639e-04i, |S[2][3]| = -7.520e+01, arg(S[2][3]) = -1.094e+02
 S[3][3] = +2.175e-03+3.381e-04i, |S[3][3]| = -5.315e+01, arg(S[3][3]) = +8.837e+00
 S[4][3] = +9.978e-01-5.268e-04i, |S[4][3]| = -1.894e-02, arg(S[4][3]) = -3.025e-02
 S[5][3] = +6.860e-05+1.947e-04i, |S[5][3]| = -7.371e+01, arg(S[5][3]) = +7.059e+01
 S[6][3] = -6.859e-05-1.918e-04i, |S[6][3]| = -7.382e+01, arg(S[6][3]) = -1.097e+02

 Wrote fields to disk at step 1
 Updating solution error estimates

Sweeping excitation index 5 (3/3):

It 1/1: ω/2π = 1.000e-04 GHz (total elapsed time = 1.43e+02 s, solve 3/3)

  Residual norms for GMRES solve
  0 (restart 0) KSP residual norm 3.220663e+01
  1 (restart 0) KSP residual norm 8.130750e-02
  2 (restart 0) KSP residual norm 9.812041e-04
  3 (restart 0) KSP residual norm 6.045721e-04
  4 (restart 0) KSP residual norm 5.947682e-05
  5 (restart 0) KSP residual norm 2.675441e-05
  6 (restart 0) KSP residual norm 5.269978e-06
  7 (restart 0) KSP residual norm 1.374617e-06
  8 (restart 0) KSP residual norm 6.281532e-07
  9 (restart 0) KSP residual norm 1.133422e-07
 10 (restart 0) KSP residual norm 3.306057e-08
 11 (restart 0) KSP residual norm 1.030809e-08
GMRES solver converged in 11 iterations (avg. reduction factor: 1.424e-01)
 Sol. ||E|| = 2.113844e+01 (||RHS|| = 1.809713e-05)
 Field energy E (1.244e-01 J) + H (6.662e-01 J) = 7.906e-01 J
 S[1][5] = +5.093e-05+1.659e-04i, |S[1][5]| = -7.521e+01, arg(S[1][5]) = +7.293e+01
 S[2][5] = -5.090e-05-1.609e-04i, |S[2][5]| = -7.546e+01, arg(S[2][5]) = -1.076e+02
 S[3][5] = +6.860e-05+1.947e-04i, |S[3][5]| = -7.371e+01, arg(S[3][5]) = +7.059e+01
 S[4][5] = -6.860e-05-1.918e-04i, |S[4][5]| = -7.382e+01, arg(S[4][5]) = -1.097e+02
 S[5][5] = +1.813e-03+3.404e-04i, |S[5][5]| = -5.468e+01, arg(S[5][5]) = +1.064e+01
 S[6][5] = +9.982e-01-4.967e-04i, |S[6][5]| = -1.578e-02, arg(S[6][5]) = -2.851e-02

 Wrote fields to disk at step 1
 Updating solution error estimates

Completed 0 iterations of adaptive mesh refinement (AMR):
 Indicator norm = 5.955e-01, global unknowns = 282533
 Max. iterations = 0, tol. = 1.000e-02

Elapsed Time Report (s)           Min.        Max.        Avg.
==============================================================
Initialization                   0.518       0.518       0.518
  Mesh Preprocessing             3.311       3.311       3.311
Operator Construction            1.417       1.417       1.417
Linear Solve                    24.554      24.554      24.554
  Setup                          9.376       9.376       9.376
  Preconditioner                20.159      20.159      20.159
Estimation                       1.130       1.130       1.130
  Construction                  33.776      33.776      33.776
  Solve                         80.694      80.694      80.694
Postprocessing                   1.207       1.207       1.207
Disk IO                         73.222      73.222      73.222
--------------------------------------------------------------
Total                          249.381     249.381     249.381

