
Note: No compatibility mode selected!


Circuit: assumed noisy bench companion: virtual ideal differential source

Doing analysis at TEMP = 27.000000 and TNOM = 27.000000

Using SPARSE 1.3 as Direct Linear Solver

Initial Transient Solution
--------------------------

Node                                   Voltage
----                                   -------
srcp                                         0
srcn                                       1.5
rxp                                   0.353592
rxp0                                  0.358044
rxn                                    1.14641
rxn0                                   1.14196
diep                                  0.354045
dien                                   1.14597
pkp                                   0.355252
pkn                                    1.14472
txp                                   0.355252
txn                                    1.14472
csrc                                 -0.789472
xpcb.s1                              -0.789472
xpcb.x1_re_a1                     -2.33802e-13
xpcb.x1_im_a1                      3.66403e-12
xpcb.x2_re_a1                      -4.7134e-13
xpcb.x2_im_a1                      4.26953e-12
xpcb.x3_re_a1                     -8.89556e-13
xpcb.x3_im_a1                      4.51536e-12
xpcb.x4_re_a1                     -9.00761e-13
xpcb.x4_im_a1                      5.00813e-12
xpcb.x5_re_a1                     -1.50073e-12
xpcb.x5_im_a1                      5.89246e-12
xpcb.x6_re_a1                     -1.33462e-12
xpcb.x6_im_a1                      6.06832e-12
xpcb.x7_re_a1                     -2.29234e-12
xpcb.x7_im_a1                      6.21241e-12
xpcb.x8_re_a1                     -2.88307e-12
xpcb.x8_im_a1                      7.19383e-12
xpcb.x9_re_a1                     -4.57834e-12
xpcb.x9_im_a1                      9.59666e-12
xpcb.x10_re_a1                     -4.8421e-12
xpcb.x10_im_a1                     9.82594e-12
xpcb.x11_re_a1                    -1.51503e-11
xpcb.x11_im_a1                     5.62941e-12
xpcb.x12_re_a1                     -1.4183e-11
xpcb.x12_im_a1                     1.06244e-11
xpcb.x13_re_a1                    -1.07305e-11
xpcb.x13_im_a1                     8.97265e-12
cload                                -0.783911
xpcb.x1_re_a2                     -1.99351e-14
xpcb.x1_im_a2                      3.12412e-13
xpcb.x2_re_a2                     -4.01886e-14
xpcb.x2_im_a2                       3.6404e-13
xpcb.x3_re_a2                     -7.58477e-14
xpcb.x3_im_a2                      3.85001e-13
xpcb.x4_re_a2                     -7.68031e-14
xpcb.x4_im_a2                      4.27016e-13
xpcb.x5_re_a2                      -1.2796e-13
xpcb.x5_im_a2                      5.02418e-13
xpcb.x6_re_a2                     -1.13796e-13
xpcb.x6_im_a2                      5.17413e-13
xpcb.x7_re_a2                     -1.95456e-13
xpcb.x7_im_a2                      5.29699e-13
xpcb.x8_re_a2                     -2.45824e-13
xpcb.x8_im_a2                      6.13379e-13
xpcb.x9_re_a2                      -3.9037e-13
xpcb.x9_im_a2                      8.18256e-13
xpcb.x10_re_a2                     -4.1286e-13
xpcb.x10_im_a2                     8.37806e-13
xpcb.x11_re_a2                    -1.29178e-12
xpcb.x11_im_a2                      4.7999e-13
xpcb.x12_re_a2                    -1.20931e-12
xpcb.x12_im_a2                     9.05885e-13
xpcb.x13_re_a2                    -9.14932e-13
xpcb.x13_im_a2                      7.6505e-13
xpcb.s2                              -0.783911
cm                                        0.75
halfcm                                0.177626
srccm                                 0.749988
rkp                                   0.356352
rkn                                    1.14382
rdiep                                 0.356352
rdien                                  1.14382
erxn#branch                        -0.00656368
erxp#branch                          0.0065608
ecmsrc#branch                      3.92874e-07
v.xpcb.v2#branch                    0.00656224
v.xpcb.v1#branch                   -0.00708071
ebal#branch                         0.00708071
lrn#branch                          0.00656368
lrp#branch                          -0.0065608
lpn#branch                          0.00708051
lpp#branch                          -0.0070809
ecmhalf#branch                     3.92874e-07
vcm#branch                        -3.92874e-07
vnn#branch                         -0.00656368
vnp#branch                           0.0065608
vnegative#branch                   -0.00708051
vpositive#branch                     0.0070809

 Reference value :  2.99000e-06
 Reference value :  2.99151e-06
 Reference value :  2.99314e-06
 Reference value :  2.99601e-06
 Reference value :  2.99724e-06
 Reference value :  2.99770e-06
 Reference value :  2.99892e-06
 Reference value :  3.00033e-06
 Reference value :  3.00248e-06
 Reference value :  3.00401e-06
 Reference value :  3.00667e-06
 Reference value :  3.00861e-06
 Reference value :  3.01141e-06
 Reference value :  3.01276e-06
 Reference value :  3.01470e-06
 Reference value :  3.01741e-06
 Reference value :  3.01916e-06
 Reference value :  3.02070e-06
 Reference value :  3.02228e-06
 Reference value :  3.02505e-06
 Reference value :  3.02792e-06
 Reference value :  3.03083e-06
 Reference value :  3.03372e-06
 Reference value :  3.03649e-06
 Reference value :  3.03932e-06
 Reference value :  3.04221e-06
 Reference value :  3.04511e-06
 Reference value :  3.04781e-06
 Reference value :  3.05053e-06
 Reference value :  3.05342e-06
 Reference value :  3.05622e-06
 Reference value :  3.05814e-06
 Reference value :  3.06093e-06
 Reference value :  3.06232e-06
 Reference value :  3.06403e-06
 Reference value :  3.06515e-06
 Reference value :  3.06700e-06
 Reference value :  3.06771e-06
 Reference value :  3.06934e-06
 Reference value :  3.07071e-06
 Reference value :  3.07235e-06
 Reference value :  3.07485e-06
 Reference value :  3.07675e-06
 Reference value :  3.07792e-06
 Reference value :  3.08077e-06
 Reference value :  3.08247e-06
 Reference value :  3.08404e-06
 Reference value :  3.08687e-06
 Reference value :  3.08846e-06
 Reference value :  3.08972e-06
 Reference value :  3.09123e-06
 Reference value :  3.09239e-06
 Reference value :  3.09374e-06
 Reference value :  3.09617e-06
 Reference value :  3.09755e-06
 Reference value :  3.09997e-06
 Reference value :  3.10120e-06
 Reference value :  3.10294e-06
 Reference value :  3.10449e-06
 Reference value :  3.10726e-06
 Reference value :  3.10883e-06
 Reference value :  3.11023e-06
 Reference value :  3.11172e-06
 Reference value :  3.11349e-06
 Reference value :  3.11512e-06
 Reference value :  3.11791e-06
 Reference value :  3.12080e-06
 Reference value :  3.12364e-06
 Reference value :  3.12653e-06
 Reference value :  3.12940e-06
 Reference value :  3.13232e-06
 Reference value :  3.13520e-06
 Reference value :  3.13811e-06
 Reference value :  3.14093e-06
 Reference value :  3.14384e-06
 Reference value :  3.14669e-06
 Reference value :  3.14962e-06
 Reference value :  3.15212e-06
 Reference value :  3.15503e-06
 Reference value :  3.15784e-06
 Reference value :  3.16069e-06
 Reference value :  3.16192e-06
 Reference value :  3.16365e-06
 Reference value :  3.16637e-06
 Reference value :  3.16882e-06
 Reference value :  3.17142e-06
 Reference value :  3.17315e-06
 Reference value :  3.17596e-06
 Reference value :  3.17880e-06
 Reference value :  3.18162e-06
 Reference value :  3.18303e-06
 Reference value :  3.18569e-06
 Reference value :  3.18683e-06
 Reference value :  3.18902e-06
 Reference value :  3.19190e-06
 Reference value :  3.19469e-06
 Reference value :  3.19615e-06
 Reference value :  3.19897e-06
 Reference value :  3.20176e-06
 Reference value :  3.20324e-06
 Reference value :  3.20607e-06
 Reference value :  3.20785e-06
 Reference value :  3.21148e-06
 Reference value :  3.21561e-06
 Reference value :  3.21903e-06
 Reference value :  3.22310e-06
 Reference value :  3.22550e-06
 Reference value :  3.22960e-06
 Reference value :  3.23368e-06
 Reference value :  3.23773e-06
 Reference value :  3.24200e-06
 Reference value :  3.24624e-06
 Reference value :  3.25047e-06
 Reference value :  3.25471e-06
 Reference value :  3.25887e-06
 Reference value :  3.26310e-06
 Reference value :  3.26713e-06
 Reference value :  3.27113e-06
 Reference value :  3.27402e-06
 Reference value :  3.27814e-06
 Reference value :  3.28229e-06
 Reference value :  3.28652e-06
 Reference value :  3.29063e-06
 Reference value :  3.29377e-06
 Reference value :  3.29676e-06
 Reference value :  3.30094e-06
 Reference value :  3.30385e-06
 Reference value :  3.30746e-06
 Reference value :  3.31138e-06
 Reference value :  3.31559e-06
 Reference value :  3.31830e-06
 Reference value :  3.32199e-06
 Reference value :  3.32616e-06
 Reference value :  3.33035e-06
 Reference value :  3.33453e-06
 Reference value :  3.33673e-06
 Reference value :  3.33899e-06
 Reference value :  3.34323e-06
 Reference value :  3.34739e-06
 Reference value :  3.34963e-06
 Reference value :  3.35161e-06
 Reference value :  3.35531e-06
 Reference value :  3.35816e-06
 Reference value :  3.36021e-06
 Reference value :  3.36281e-06
 Reference value :  3.36543e-06
 Reference value :  3.36909e-06
 Reference value :  3.37328e-06
 Reference value :  3.37744e-06
 Reference value :  3.37967e-06
 Reference value :  3.38196e-06
 Reference value :  3.38591e-06
 Reference value :  3.38667e-06
 Reference value :  3.39069e-06
 Reference value :  3.39165e-06
 Reference value :  3.39601e-06
 Reference value :  3.39983e-06
 Reference value :  3.40411e-06
 Reference value :  3.40523e-06
 Reference value :  3.40938e-06
 Reference value :  3.41117e-06
 Reference value :  3.41367e-06
 Reference value :  3.41744e-06
 Reference value :  3.42122e-06
 Reference value :  3.42538e-06
 Reference value :  3.42849e-06
 Reference value :  3.43266e-06
 Reference value :  3.43442e-06
 Reference value :  3.43595e-06
 Reference value :  3.43685e-06
 Reference value :  3.43838e-06
 Reference value :  3.44255e-06
 Reference value :  3.44658e-06
 Reference value :  3.44749e-06
 Reference value :  3.45148e-06
 Reference value :  3.45494e-06
 Reference value :  3.45916e-06
 Reference value :  3.46179e-06
 Reference value :  3.46370e-06
 Reference value :  3.46572e-06
 Reference value :  3.46779e-06
 Reference value :  3.47038e-06
 Reference value :  3.47293e-06
 Reference value :  3.47311e-06
 Reference value :  3.47444e-06
 Reference value :  3.47582e-06
 Reference value :  3.47758e-06
 Reference value :  3.47892e-06
 Reference value :  3.48036e-06
 Reference value :  3.48154e-06
 Reference value :  3.48293e-06
 Reference value :  3.48435e-06
 Reference value :  3.48496e-06
 Reference value :  3.48755e-06
 Reference value :  3.48792e-06
 Reference value :  3.49047e-06
 Reference value :  3.49267e-06
 Reference value :  3.49456e-06
 Reference value :  3.49618e-06
 Reference value :  3.49757e-06
 Reference value :  3.49877e-06
 Reference value :  3.49979e-06
 Reference value :  3.50067e-06
 Reference value :  3.50142e-06
 Reference value :  3.50206e-06
 Reference value :  3.50260e-06
 Reference value :  3.50307e-06
 Reference value :  3.50347e-06
 Reference value :  3.50381e-06
 Reference value :  3.50410e-06
 Reference value :  3.50435e-06
 Reference value :  3.50457e-06
 Reference value :  3.50490e-06
 Reference value :  3.50503e-06
 Reference value :  3.50524e-06
 Reference value :  3.50524e-06
 Reference value :  3.50532e-06
 Reference value :  3.50540e-06
 Reference value :  3.50545e-06
 Reference value :  3.50551e-06
 Reference value :  3.50555e-06
 Reference value :  3.50559e-06
 Reference value :  3.50564e-06
 Reference value :  3.50569e-06
 Reference value :  3.50570e-06
 Reference value :  3.50573e-06
 Reference value :  3.50574e-06
 Reference value :  3.50575e-06
 Reference value :  3.50576e-06
 Reference value :  3.50577e-06
 Reference value :  3.50578e-06
 Reference value :  3.50578e-06
 Reference value :  3.50579e-06
 Reference value :  3.50579e-06
 Reference value :  3.50579e-06
 Reference value :  3.50580e-06
 Reference value :  3.50580e-06
 Reference value :  3.50580e-06
 Reference value :  3.50580e-06
 Reference value :  3.50580e-06
 Reference value :  3.50580e-06
No. of Data Rows : 2251238
BANDWIDTH_STRESS_COMPLETE
ngspice-44.2 done
