
Note: No compatibility mode selected!


Circuit: private pwl boundary-equivalence audit: strict

Doing analysis at TEMP = 27.000000 and TNOM = 27.000000

Using SPARSE 1.3 as Direct Linear Solver

Initial Transient Solution
--------------------------

Node                                   Voltage
----                                   -------
src0                                      -0.7
out0                                      -0.7
src1                                      -0.2
out1                                      -0.2
src2                               -0.00689655
out2                               -0.00689655
src3                                    0.3125
out3                                    0.3125
src4                                      -0.1
out4                                      -0.1
v4#branch                                    0
v3#branch                                    0
v2#branch                                    0
v1#branch                                    0
v0#branch                                    0


No. of Data Rows : 187
PWL_CASE_COMPLETE
ngspice-44.2 done
