>> /usr/bin/mpirun -n 4 /opt/palace/bin/palace-x86_64.bin palace.json

_____________     _______
_____   __   \____ __   /____ ____________
____   /_/  /  __ ` /  /  __ ` /  ___/  _ \
___   _____/  /_/  /  /  /_/  /  /__/  ___/
  /__/     \___,__/__/\___,__/\_____\_____/

Git changeset ID: v0.14.0
Running with 4 MPI processes, 1 OpenMP thread
Device configuration: omp,cpu
Memory configuration: host-std
libCEED backend: /cpu/self/xsmm/blocked

Added 68778 boundary elements for material interfaces to the mesh
Finished partitioning mesh into 4 subdomains

Characteristic length and time scales:
 L₀ = 1.000e-03 m, t₀ = 3.336e-03 ns

Mesh curvature order: 1
Mesh bounding box:
 (Xmin, Ymin, Zmin) = (-2.600e-02, -2.600e-02, -6.000e-03) m
 (Xmax, Ymax, Zmax) = (+2.600e-02, +2.600e-02, +6.800e-03) m

Parallel Mesh Stats:

                minimum     average     maximum       total
 vertices         11426       11609       11795       46437
 edges            69752       70372       71252      281489
 faces           116424      116922      117919      467688
 elements         57977       58158       58461      232635
 neighbors            2           2           3

            minimum     maximum
 h        0.0289728     3.75718
 kappa      1.01921     92.8479

Configuring Robin absorbing BC (order 1) at attributes:
 13

Configuring Robin impedance BC for lumped ports at attributes:
 21: Rs = 1.125e+01 Ω/sq, n = (+1.0,+0.0,+0.0)
 22: Rs = 1.125e+01 Ω/sq, n = (-1.0,+0.0,+0.0)
 23: Rs = 1.125e+01 Ω/sq, n = (+1.0,+0.0,+0.0)
 24: Rs = 1.125e+01 Ω/sq, n = (+1.0,+0.0,+0.0)
 25: Rs = 1.125e+01 Ω/sq, n = (+1.0,+0.0,+0.0)
 26: Rs = 1.125e+01 Ω/sq, n = (-1.0,+0.0,+0.0)

Configuring lumped port circuit properties:
 Index = 1: R = 5.000e+01 Ω
 Index = 2: R = 5.000e+01 Ω
 Index = 3: R = 5.000e+01 Ω
 Index = 4: R = 5.000e+01 Ω
 Index = 5: R = 5.000e+01 Ω
 Index = 6: R = 5.000e+01 Ω

Configuring lumped port excitation source term at attributes:
 21: Index = 1
 23: Index = 3
 25: Index = 5

Computing frequency response for:
Excitation 1/3 with index 1 has contributions from:
 Lumped port  1
Excitation 2/3 with index 3 has contributions from:
 Lumped port  3
Excitation 3/3 with index 5 has contributions from:
 Lumped port  5

Assembling system matrices, number of global unknowns:
 H1 (p = 2): 327926, ND (p = 2): 1498354, RT (p = 2): 2100969
 Operator assembly level: Partial
 Mesh geometries:
  Tetrahedron: P = 20, Q = 11 (quadrature order = 4)

Sweeping excitation index 1 (1/3):

Assembling multigrid hierarchy:
 Level 0 (p = 1): 281489 unknowns
 Level 1 (p = 2): 1498354 unknowns
 Level 0 (auxiliary) (p = 1): 46437 unknowns
 Level 1 (auxiliary) (p = 2): 327926 unknowns

It 1/1: ω/2π = 1.000e-03 GHz (total elapsed time = 2.53e+01 s, solve 1/3)

  Residual norms for GMRES solve
  0 (restart 0) KSP residual norm 7.155647e+01
  1 (restart 0) KSP residual norm 7.493686e+00
  2 (restart 0) KSP residual norm 1.906416e+00
  3 (restart 0) KSP residual norm 1.003106e+00
  4 (restart 0) KSP residual norm 4.488171e-01
  5 (restart 0) KSP residual norm 1.938595e-01
  6 (restart 0) KSP residual norm 8.216961e-02
  7 (restart 0) KSP residual norm 3.847901e-02
  8 (restart 0) KSP residual norm 1.742656e-02
  9 (restart 0) KSP residual norm 7.789636e-03
 10 (restart 0) KSP residual norm 3.750112e-03
 11 (restart 0) KSP residual norm 1.779490e-03
 12 (restart 0) KSP residual norm 8.267494e-04
 13 (restart 0) KSP residual norm 3.715539e-04
 14 (restart 0) KSP residual norm 1.641871e-04
 15 (restart 0) KSP residual norm 7.586541e-05
 16 (restart 0) KSP residual norm 3.791233e-05
 17 (restart 0) KSP residual norm 2.757097e-05
 18 (restart 0) KSP residual norm 2.022433e-05
 19 (restart 0) KSP residual norm 1.392867e-05
 20 (restart 0) KSP residual norm 1.128467e-05
 21 (restart 0) KSP residual norm 9.386189e-06
 22 (restart 0) KSP residual norm 8.127779e-06
 23 (restart 0) KSP residual norm 5.172208e-06
 24 (restart 0) KSP residual norm 3.255569e-06
 25 (restart 0) KSP residual norm 2.242701e-06
 26 (restart 0) KSP residual norm 1.847662e-06
 27 (restart 0) KSP residual norm 1.226401e-06
 28 (restart 0) KSP residual norm 8.309005e-07
 29 (restart 0) KSP residual norm 6.060761e-07
 30 (restart 0) KSP residual norm 4.420489e-07
 31 (restart 0) KSP residual norm 3.461570e-07
 32 (restart 0) KSP residual norm 2.945425e-07
 33 (restart 0) KSP residual norm 2.680179e-07
 34 (restart 0) KSP residual norm 2.390161e-07
 35 (restart 0) KSP residual norm 2.124644e-07
 36 (restart 0) KSP residual norm 1.894357e-07
 37 (restart 0) KSP residual norm 1.691396e-07
 38 (restart 0) KSP residual norm 1.418045e-07
 39 (restart 0) KSP residual norm 1.259003e-07
 40 (restart 0) KSP residual norm 1.119694e-07
 41 (restart 0) KSP residual norm 9.636956e-08
 42 (restart 0) KSP residual norm 8.684423e-08
 43 (restart 0) KSP residual norm 7.526272e-08
 44 (restart 0) KSP residual norm 6.953235e-08
GMRES solver converged in 44 iterations (avg. reduction factor: 6.240e-01)
 Sol. ||E|| = 7.801563e+01 (||RHS|| = 1.509978e-04)
 Field energy E (1.493e-01 J) + H (9.023e-01 J) = 1.052e+00 J
 S[1][1] = +3.147e-03+4.731e-03i, |S[1][1]| = -4.491e+01, arg(S[1][1]) = +5.637e+01
 S[2][1] = +9.968e-01-6.608e-03i, |S[2][1]| = -2.749e-02, arg(S[2][1]) = -3.798e-01
 S[3][1] = +1.051e-04+1.384e-03i, |S[3][1]| = -5.715e+01, arg(S[3][1]) = +8.566e+01
 S[4][1] = -1.057e-04-1.370e-03i, |S[4][1]| = -5.724e+01, arg(S[4][1]) = -9.441e+01
 S[5][1] = +1.025e-04+1.382e-03i, |S[5][1]| = -5.717e+01, arg(S[5][1]) = +8.576e+01
 S[6][1] = -1.024e-04-1.360e-03i, |S[6][1]| = -5.731e+01, arg(S[6][1]) = -9.431e+01

 Wrote fields to disk at step 1
 Updating solution error estimates

Sweeping excitation index 3 (2/3):

It 1/1: ω/2π = 1.000e-03 GHz (total elapsed time = 3.95e+02 s, solve 2/3)

  Residual norms for GMRES solve
  0 (restart 0) KSP residual norm 9.575086e+01
  1 (restart 0) KSP residual norm 9.787805e+00
  2 (restart 0) KSP residual norm 2.541803e+00
  3 (restart 0) KSP residual norm 1.318195e+00
  4 (restart 0) KSP residual norm 5.921394e-01
  5 (restart 0) KSP residual norm 2.539505e-01
  6 (restart 0) KSP residual norm 1.071573e-01
  7 (restart 0) KSP residual norm 4.890618e-02
  8 (restart 0) KSP residual norm 2.206119e-02
  9 (restart 0) KSP residual norm 9.771281e-03
 10 (restart 0) KSP residual norm 4.588198e-03
 11 (restart 0) KSP residual norm 2.177235e-03
 12 (restart 0) KSP residual norm 1.010607e-03
 13 (restart 0) KSP residual norm 4.625690e-04
 14 (restart 0) KSP residual norm 2.109453e-04
 15 (restart 0) KSP residual norm 9.956613e-05
 16 (restart 0) KSP residual norm 5.246401e-05
 17 (restart 0) KSP residual norm 3.672423e-05
 18 (restart 0) KSP residual norm 2.571143e-05
 19 (restart 0) KSP residual norm 1.827250e-05
 20 (restart 0) KSP residual norm 1.454814e-05
 21 (restart 0) KSP residual norm 1.194913e-05
 22 (restart 0) KSP residual norm 1.037714e-05
 23 (restart 0) KSP residual norm 6.956902e-06
 24 (restart 0) KSP residual norm 4.114773e-06
 25 (restart 0) KSP residual norm 2.935046e-06
 26 (restart 0) KSP residual norm 2.222910e-06
 27 (restart 0) KSP residual norm 1.626141e-06
 28 (restart 0) KSP residual norm 1.141992e-06
 29 (restart 0) KSP residual norm 8.862157e-07
 30 (restart 0) KSP residual norm 6.611606e-07
 31 (restart 0) KSP residual norm 4.749097e-07
 32 (restart 0) KSP residual norm 3.948361e-07
 33 (restart 0) KSP residual norm 3.354792e-07
 34 (restart 0) KSP residual norm 2.927541e-07
 35 (restart 0) KSP residual norm 2.569081e-07
 36 (restart 0) KSP residual norm 2.278621e-07
 37 (restart 0) KSP residual norm 2.043703e-07
 38 (restart 0) KSP residual norm 1.774903e-07
 39 (restart 0) KSP residual norm 1.632659e-07
 40 (restart 0) KSP residual norm 1.476618e-07
 41 (restart 0) KSP residual norm 1.354596e-07
 42 (restart 0) KSP residual norm 1.220966e-07
 43 (restart 0) KSP residual norm 1.111975e-07
 44 (restart 0) KSP residual norm 1.000622e-07
 45 (restart 0) KSP residual norm 9.145222e-08
 46 (restart 0) KSP residual norm 8.370364e-08
 47 (restart 0) KSP residual norm 7.461642e-08
 48 (restart 0) KSP residual norm 6.448588e-08
 49 (restart 0) KSP residual norm 6.024515e-08
GMRES solver converged in 49 iterations (avg. reduction factor: 6.547e-01)
 Sol. ||E|| = 6.739661e+01 (||RHS|| = 1.540741e-04)
 Field energy E (1.077e-01 J) + H (7.459e-01 J) = 8.536e-01 J
 S[1][3] = +1.052e-04+1.385e-03i, |S[1][3]| = -5.715e+01, arg(S[1][3]) = +8.565e+01
 S[2][3] = -1.064e-04-1.370e-03i, |S[2][3]| = -5.724e+01, arg(S[2][3]) = -9.444e+01
 S[3][3] = +2.290e-03+4.010e-03i, |S[3][3]| = -4.671e+01, arg(S[3][3]) = +6.028e+01
 S[4][3] = +9.977e-01-5.363e-03i, |S[4][3]| = -1.999e-02, arg(S[4][3]) = -3.080e-01
 S[5][3] = +1.269e-04+1.621e-03i, |S[5][3]| = -5.578e+01, arg(S[5][3]) = +8.552e+01
 S[6][3] = -1.272e-04-1.609e-03i, |S[6][3]| = -5.584e+01, arg(S[6][3]) = -9.452e+01

 Wrote fields to disk at step 1
 Updating solution error estimates

Sweeping excitation index 5 (3/3):

It 1/1: ω/2π = 1.000e-03 GHz (total elapsed time = 7.89e+02 s, solve 3/3)

  Residual norms for GMRES solve
  0 (restart 0) KSP residual norm 8.470362e+01
  1 (restart 0) KSP residual norm 8.620508e+00
  2 (restart 0) KSP residual norm 2.309152e+00
  3 (restart 0) KSP residual norm 1.175286e+00
  4 (restart 0) KSP residual norm 5.295242e-01
  5 (restart 0) KSP residual norm 2.250714e-01
  6 (restart 0) KSP residual norm 9.571603e-02
  7 (restart 0) KSP residual norm 4.275358e-02
  8 (restart 0) KSP residual norm 1.867611e-02
  9 (restart 0) KSP residual norm 7.972298e-03
 10 (restart 0) KSP residual norm 3.374033e-03
 11 (restart 0) KSP residual norm 1.482912e-03
 12 (restart 0) KSP residual norm 6.626550e-04
 13 (restart 0) KSP residual norm 2.825274e-04
 14 (restart 0) KSP residual norm 1.240926e-04
 15 (restart 0) KSP residual norm 5.729687e-05
 16 (restart 0) KSP residual norm 3.136034e-05
 17 (restart 0) KSP residual norm 2.098614e-05
 18 (restart 0) KSP residual norm 1.598694e-05
 19 (restart 0) KSP residual norm 1.220372e-05
 20 (restart 0) KSP residual norm 9.662010e-06
 21 (restart 0) KSP residual norm 7.207305e-06
 22 (restart 0) KSP residual norm 5.615778e-06
 23 (restart 0) KSP residual norm 4.329167e-06
 24 (restart 0) KSP residual norm 2.950403e-06
 25 (restart 0) KSP residual norm 2.085280e-06
 26 (restart 0) KSP residual norm 1.646606e-06
 27 (restart 0) KSP residual norm 1.288466e-06
 28 (restart 0) KSP residual norm 9.276672e-07
 29 (restart 0) KSP residual norm 6.544883e-07
 30 (restart 0) KSP residual norm 5.052061e-07
 31 (restart 0) KSP residual norm 4.692444e-07
 32 (restart 0) KSP residual norm 4.342115e-07
 33 (restart 0) KSP residual norm 3.824196e-07
 34 (restart 0) KSP residual norm 3.344348e-07
 35 (restart 0) KSP residual norm 3.078398e-07
 36 (restart 0) KSP residual norm 2.566923e-07
 37 (restart 0) KSP residual norm 2.184226e-07
 38 (restart 0) KSP residual norm 1.781930e-07
 39 (restart 0) KSP residual norm 1.577533e-07
 40 (restart 0) KSP residual norm 1.366216e-07
 41 (restart 0) KSP residual norm 1.198564e-07
 42 (restart 0) KSP residual norm 1.011941e-07
 43 (restart 0) KSP residual norm 9.376632e-08
 44 (restart 0) KSP residual norm 8.366915e-08
 45 (restart 0) KSP residual norm 7.547770e-08
 46 (restart 0) KSP residual norm 7.038244e-08
 47 (restart 0) KSP residual norm 6.482471e-08
 48 (restart 0) KSP residual norm 5.563447e-08
GMRES solver converged in 48 iterations (avg. reduction factor: 6.492e-01)
 Sol. ||E|| = 6.128010e+01 (||RHS|| = 1.511712e-04)
 Field energy E (8.951e-02 J) + H (6.963e-01 J) = 7.858e-01 J
 S[1][5] = +1.025e-04+1.382e-03i, |S[1][5]| = -5.717e+01, arg(S[1][5]) = +8.576e+01
 S[2][5] = -1.033e-04-1.360e-03i, |S[2][5]| = -5.731e+01, arg(S[2][5]) = -9.435e+01
 S[3][5] = +1.270e-04+1.621e-03i, |S[3][5]| = -5.578e+01, arg(S[3][5]) = +8.552e+01
 S[4][5] = -1.277e-04-1.610e-03i, |S[4][5]| = -5.584e+01, arg(S[4][5]) = -9.454e+01
 S[5][5] = +1.922e-03+3.813e-03i, |S[5][5]| = -4.739e+01, arg(S[5][5]) = +6.325e+01
 S[6][5] = +9.981e-01-4.937e-03i, |S[6][5]| = -1.677e-02, arg(S[6][5]) = -2.834e-01

 Wrote fields to disk at step 1
 Updating solution error estimates

Completed 0 iterations of adaptive mesh refinement (AMR):
 Indicator norm = 2.307e-01, global unknowns = 1498354
 Max. iterations = 0, tol. = 1.000e-02

Elapsed Time Report (s)           Min.        Max.        Avg.
==============================================================
Initialization                   0.112       0.125       0.118
  Mesh Preprocessing             2.061       2.061       2.061
Operator Construction            1.076       1.099       1.086
Linear Solve                    64.925      66.180      65.544
  Setup                         71.867      71.870      71.869
  Preconditioner               565.064     566.158     565.571
  Coarse Solve                  58.075      59.987      58.999
Estimation                       0.627       0.706       0.662
  Construction                  13.063      13.098      13.082
  Solve                        282.569     282.628     282.602
Postprocessing                   0.895       0.910       0.902
Disk IO                         94.973      94.976      94.975
--------------------------------------------------------------
Total                         1157.499    1157.504    1157.501

