>> /usr/bin/mpirun -n 1 /opt/palace/bin/palace-x86_64.bin palace.json

_____________     _______
_____   __   \____ __   /____ ____________
____   /_/  /  __ ` /  /  __ ` /  ___/  _ \
___   _____/  /_/  /  /  /_/  /  /__/  ___/
  /__/     \___,__/__/\___,__/\_____\_____/

Git changeset ID: v0.14.0
Running with 1 MPI process, 1 OpenMP thread
Device configuration: omp,cpu
Memory configuration: host-std
libCEED backend: /cpu/self/xsmm/blocked

Added 69096 boundary elements for material interfaces to the mesh
Finished partitioning mesh into 1 subdomain

Characteristic length and time scales:
 L₀ = 1.000e-03 m, t₀ = 3.336e-03 ns

Mesh curvature order: 1
Mesh bounding box:
 (Xmin, Ymin, Zmin) = (-2.600e-02, -2.600e-02, -6.000e-03) m
 (Xmax, Ymax, Zmax) = (+2.600e-02, +2.600e-02, +6.800e-03) m

Parallel Mesh Stats:

                minimum     average     maximum       total
 vertices         46607       46607       46607       46607
 edges           282533      282533      282533      282533
 faces           469429      469429      469429      469429
 elements        233502      233502      233502      233502
 neighbors            0           0           0

            minimum     maximum
 h        0.0289728     3.65133
 kappa      1.03048     121.451

Configuring Robin absorbing BC (order 1) at attributes:
 13

Configuring Robin impedance BC for lumped ports at attributes:
 21: Rs = 1.125e+01 Ω/sq, n = (+1.0,+0.0,+0.0)
 22: Rs = 1.125e+01 Ω/sq, n = (-1.0,+0.0,+0.0)
 23: Rs = 1.125e+01 Ω/sq, n = (+1.0,+0.0,+0.0)
 24: Rs = 1.125e+01 Ω/sq, n = (+1.0,+0.0,+0.0)
 25: Rs = 1.125e+01 Ω/sq, n = (+1.0,+0.0,+0.0)
 26: Rs = 1.125e+01 Ω/sq, n = (-1.0,+0.0,+0.0)

Configuring lumped port circuit properties:
 Index = 1: R = 5.000e+01 Ω
 Index = 2: R = 5.000e+01 Ω
 Index = 3: R = 5.000e+01 Ω
 Index = 4: R = 5.000e+01 Ω
 Index = 5: R = 5.000e+01 Ω
 Index = 6: R = 5.000e+01 Ω

Configuring lumped port excitation source term at attributes:
 21: Index = 1
 23: Index = 3
 25: Index = 5

Computing frequency response for:
Excitation 1/3 with index 1 has contributions from:
 Lumped port  1
Excitation 2/3 with index 3 has contributions from:
 Lumped port  3
Excitation 3/3 with index 5 has contributions from:
 Lumped port  5

Assembling system matrices, number of global unknowns:
 H1 (p = 1): 46607, ND (p = 1): 282533, RT (p = 1): 469429
 Operator assembly level: Partial
 Mesh geometries:
  Tetrahedron: P = 6, Q = 4 (quadrature order = 2)

Sweeping excitation index 1 (1/3):

Assembling multigrid hierarchy:
 Level 0 (p = 1): 282533 unknowns
 Level 0 (auxiliary) (p = 1): 46607 unknowns

It 1/1: ω/2π = 1.000e-03 GHz (total elapsed time = 2.70e+00 s, solve 1/3)

  Residual norms for GMRES solve
  0 (restart 0) KSP residual norm 2.844775e+01
  1 (restart 0) KSP residual norm 1.375859e-01
  2 (restart 0) KSP residual norm 2.486948e-03
  3 (restart 0) KSP residual norm 1.646668e-03
  4 (restart 0) KSP residual norm 1.994661e-04
  5 (restart 0) KSP residual norm 9.650978e-06
  6 (restart 0) KSP residual norm 2.251237e-06
  7 (restart 0) KSP residual norm 7.969314e-07
  8 (restart 0) KSP residual norm 3.137102e-07
  9 (restart 0) KSP residual norm 7.898977e-08
 10 (restart 0) KSP residual norm 3.094539e-08
 11 (restart 0) KSP residual norm 1.371424e-08
GMRES solver converged in 11 iterations (avg. reduction factor: 1.422e-01)
 Sol. ||E|| = 2.842703e+01 (||RHS|| = 1.803906e-04)
 Field energy E (2.104e-01 J) + H (7.502e-01 J) = 9.606e-01 J
 S[1][1] = +3.102e-03+3.392e-03i, |S[1][1]| = -4.675e+01, arg(S[1][1]) = +4.756e+01
 S[2][1] = +9.968e-01-6.036e-03i, |S[2][1]| = -2.726e-02, arg(S[2][1]) = -3.469e-01
 S[3][1] = +1.309e-04+1.490e-03i, |S[3][1]| = -5.650e+01, arg(S[3][1]) = +8.498e+01
 S[4][1] = -1.316e-04-1.451e-03i, |S[4][1]| = -5.673e+01, arg(S[4][1]) = -9.518e+01
 S[5][1] = +1.237e-04+1.482e-03i, |S[5][1]| = -5.655e+01, arg(S[5][1]) = +8.523e+01
 S[6][1] = -1.233e-04-1.432e-03i, |S[6][1]| = -5.685e+01, arg(S[6][1]) = -9.492e+01

 Wrote fields to disk at step 1
 Updating solution error estimates

Sweeping excitation index 3 (2/3):

It 1/1: ω/2π = 1.000e-03 GHz (total elapsed time = 7.33e+01 s, solve 2/3)

  Residual norms for GMRES solve
  0 (restart 0) KSP residual norm 3.754587e+01
  1 (restart 0) KSP residual norm 1.029627e-01
  2 (restart 0) KSP residual norm 1.371295e-02
  3 (restart 0) KSP residual norm 1.860095e-03
  4 (restart 0) KSP residual norm 4.032016e-05
  5 (restart 0) KSP residual norm 1.078339e-05
  6 (restart 0) KSP residual norm 1.358307e-06
  7 (restart 0) KSP residual norm 6.828373e-07
  8 (restart 0) KSP residual norm 2.547877e-07
  9 (restart 0) KSP residual norm 7.633293e-08
 10 (restart 0) KSP residual norm 2.362794e-08
GMRES solver converged in 10 iterations (avg. reduction factor: 1.258e-01)
 Sol. ||E|| = 2.386795e+01 (||RHS|| = 1.807159e-04)
 Field energy E (1.502e-01 J) + H (6.410e-01 J) = 7.912e-01 J
 S[1][3] = +1.309e-04+1.490e-03i, |S[1][3]| = -5.650e+01, arg(S[1][3]) = +8.498e+01
 S[2][3] = -1.324e-04-1.451e-03i, |S[2][3]| = -5.673e+01, arg(S[2][3]) = -9.522e+01
 S[3][3] = +2.264e-03+3.084e-03i, |S[3][3]| = -4.835e+01, arg(S[3][3]) = +5.372e+01
 S[4][3] = +9.977e-01-4.971e-03i, |S[4][3]| = -1.988e-02, arg(S[4][3]) = -2.855e-01
 S[5][3] = +1.515e-04+1.707e-03i, |S[5][3]| = -5.532e+01, arg(S[5][3]) = +8.493e+01
 S[6][3] = -1.518e-04-1.678e-03i, |S[6][3]| = -5.547e+01, arg(S[6][3]) = -9.517e+01

 Wrote fields to disk at step 1
 Updating solution error estimates

Sweeping excitation index 5 (3/3):

It 1/1: ω/2π = 1.000e-03 GHz (total elapsed time = 1.37e+02 s, solve 3/3)

  Residual norms for GMRES solve
  0 (restart 0) KSP residual norm 3.223019e+01
  1 (restart 0) KSP residual norm 7.285466e-02
  2 (restart 0) KSP residual norm 5.218989e-03
  3 (restart 0) KSP residual norm 1.470442e-03
  4 (restart 0) KSP residual norm 2.294512e-05
  5 (restart 0) KSP residual norm 7.513249e-06
  6 (restart 0) KSP residual norm 1.704138e-06
  7 (restart 0) KSP residual norm 3.457569e-07
  8 (restart 0) KSP residual norm 1.934115e-07
  9 (restart 0) KSP residual norm 4.727478e-08
 10 (restart 0) KSP residual norm 1.519236e-08
GMRES solver converged in 10 iterations (avg. reduction factor: 1.218e-01)
 Sol. ||E|| = 2.113805e+01 (||RHS|| = 1.809713e-04)
 Field energy E (1.244e-01 J) + H (6.124e-01 J) = 7.368e-01 J
 S[1][5] = +1.237e-04+1.482e-03i, |S[1][5]| = -5.655e+01, arg(S[1][5]) = +8.523e+01
 S[2][5] = -1.246e-04-1.432e-03i, |S[2][5]| = -5.685e+01, arg(S[2][5]) = -9.498e+01
 S[3][5] = +1.515e-04+1.707e-03i, |S[3][5]| = -5.532e+01, arg(S[3][5]) = +8.493e+01
 S[4][5] = -1.524e-04-1.678e-03i, |S[4][5]| = -5.547e+01, arg(S[4][5]) = -9.519e+01
 S[5][5] = +1.909e-03+3.066e-03i, |S[5][5]| = -4.885e+01, arg(S[5][5]) = +5.809e+01
 S[6][5] = +9.981e-01-4.629e-03i, |S[6][5]| = -1.674e-02, arg(S[6][5]) = -2.658e-01

 Wrote fields to disk at step 1
 Updating solution error estimates

Completed 0 iterations of adaptive mesh refinement (AMR):
 Indicator norm = 6.104e-01, global unknowns = 282533
 Max. iterations = 0, tol. = 1.000e-02

Elapsed Time Report (s)           Min.        Max.        Avg.
==============================================================
Initialization                   0.491       0.491       0.491
  Mesh Preprocessing             3.053       3.053       3.053
Operator Construction            1.344       1.344       1.344
Linear Solve                    22.210      22.210      22.210
  Setup                          8.152       8.152       8.152
  Preconditioner                17.644      17.644      17.644
Estimation                       1.102       1.102       1.102
  Construction                  35.207      35.207      35.207
  Solve                         77.838      77.838      77.838
Postprocessing                   1.172       1.172       1.172
Disk IO                         69.794      69.794      69.794
--------------------------------------------------------------
Total                          238.021     238.021     238.021

